[0.008s] Invoking command in '/home/racc_man/Monot/Monot_ROS2/build/monot_slam': CMAKE_PREFIX_PATH=/home/racc_man/Monot/Monot_ROS2/install/monot_slam:/home/racc_man/Monot/Monot_ROS2/install/monot_esp:/home/racc_man/turtlebot3_ws/install/turtlebot3:/home/racc_man/turtlebot3_ws/install/turtlebot3_simulations:/home/racc_man/turtlebot3_ws/install/turtlebot3_bringup:/home/racc_man/turtlebot3_ws/install/turtlebot3_node:/home/racc_man/turtlebot3_ws/install/turtlebot3_navigation2:/home/racc_man/turtlebot3_ws/install/turtlebot3_fake_node:/home/racc_man/turtlebot3_ws/install/turtlebot3_msgs:/home/racc_man/turtlebot3_ws/install/turtlebot3_gazebo:/home/racc_man/turtlebot3_ws/install/turtlebot3_description:/home/racc_man/turtlebot3_ws/install/turtlebot3_cartographer:/home/racc_man/turtlebot3_ws/install/turtlebot3_teleop:/home/racc_man/turtlebot3_ws/install/turtlebot3_example:/opt/ros/humble:/home/racc_man/turtlebot3_ws/install/realsense_gazebo_plugin:/home/racc_man/turtlebot3_ws/install/realsense2_description:/home/racc_man/turtlebot3_ws/install/realsense2_camera:/home/racc_man/turtlebot3_ws/install/realsense2_camera_msgs:/home/racc_man/turtlebot3_ws/install/dynamixel_sdk_examples:/home/racc_man/turtlebot3_ws/install/dynamixel_sdk_custom_interfaces:/home/racc_man/turtlebot3_ws/install/dynamixel_sdk /usr/bin/cmake /home/racc_man/Monot/Monot_ROS2/src/monot_slam -DCMAKE_INSTALL_PREFIX=/home/racc_man/Monot/Monot_ROS2/install/monot_slam
[0.050s] -- The C compiler identification is GNU 11.4.0
[0.158s] -- The CXX compiler identification is GNU 11.4.0
[0.240s] -- Detecting C compiler ABI info
[0.288s] -- Detecting C compiler ABI info - done
[0.292s] -- Check for working C compiler: /usr/bin/cc - skipped
[0.292s] -- Detecting C compile features
[0.292s] -- Detecting C compile features - done
[0.294s] -- Detecting CXX compiler ABI info
[0.347s] -- Detecting CXX compiler ABI info - done
[0.350s] -- Check for working CXX compiler: /usr/bin/c++ - skipped
[0.350s] -- Detecting CXX compile features
[0.351s] -- Detecting CXX compile features - done
[0.352s] -- Found ament_cmake_auto: 1.3.11 (/opt/ros/humble/share/ament_cmake_auto/cmake)
[0.432s] -- Found Python3: /usr/bin/python3 (found version "3.10.12") found components: Interpreter 
[0.586s] -- Found rosidl_generator_c: 3.1.6 (/opt/ros/humble/share/rosidl_generator_c/cmake)
[0.588s] -- Found rosidl_adapter: 3.1.6 (/opt/ros/humble/share/rosidl_adapter/cmake)
[0.593s] -- Found rosidl_generator_cpp: 3.1.6 (/opt/ros/humble/share/rosidl_generator_cpp/cmake)
[0.600s] -- Using all available rosidl_typesupport_c: rosidl_typesupport_fastrtps_c;rosidl_typesupport_introspection_c
[0.609s] -- Using all available rosidl_typesupport_cpp: rosidl_typesupport_fastrtps_cpp;rosidl_typesupport_introspection_cpp
[0.634s] -- Found rmw_implementation_cmake: 6.1.2 (/opt/ros/humble/share/rmw_implementation_cmake/cmake)
[0.636s] -- Found rmw_fastrtps_cpp: 6.2.7 (/opt/ros/humble/share/rmw_fastrtps_cpp/cmake)
[0.871s] -- Found OpenSSL: /usr/lib/x86_64-linux-gnu/libcrypto.so (found version "3.0.2")  
[1.095s] -- Found FastRTPS: /opt/ros/humble/include  
[1.527s] -- Using RMW implementation 'rmw_fastrtps_cpp' as default
[1.533s] -- Looking for pthread.h
[1.581s] -- Looking for pthread.h - found
[1.581s] -- Performing Test CMAKE_HAVE_LIBC_PTHREAD
[1.630s] -- Performing Test CMAKE_HAVE_LIBC_PTHREAD - Success
[1.631s] -- Found Threads: TRUE  
[1.803s] -- Found OpenGL: /usr/lib/x86_64-linux-gnu/libOpenGL.so  found components: OpenGL 
[1.808s] -- Found ament_lint_auto: 0.12.11 (/opt/ros/humble/share/ament_lint_auto/cmake)
[1.821s] -- Added test 'copyright' to check source files copyright and LICENSE
[1.822s] -- Added test 'cppcheck' to perform static code analysis on C / C++ code
[1.822s] -- Configured cppcheck include dirs: /home/racc_man/Monot/Monot_ROS2/src/monot_slam/include
[1.822s] -- Configured cppcheck exclude dirs and/or files: 
[1.822s] -- Added test 'cpplint' to check C / C++ code against the Google style
[1.822s] -- Configured cpplint exclude dirs and/or files: 
[1.823s] -- Added test 'lint_cmake' to check CMake code style
[1.823s] -- Added test 'uncrustify' to check C / C++ code style
[1.823s] -- Configured uncrustify additional arguments: 
[1.824s] -- Added test 'xmllint' to check XML markup files
[1.826s] -- Configuring done
[1.843s] -- Generating done
[1.846s] -- Build files have been written to: /home/racc_man/Monot/Monot_ROS2/build/monot_slam
[1.852s] Invoked command in '/home/racc_man/Monot/Monot_ROS2/build/monot_slam' returned '0': CMAKE_PREFIX_PATH=/home/racc_man/Monot/Monot_ROS2/install/monot_slam:/home/racc_man/Monot/Monot_ROS2/install/monot_esp:/home/racc_man/turtlebot3_ws/install/turtlebot3:/home/racc_man/turtlebot3_ws/install/turtlebot3_simulations:/home/racc_man/turtlebot3_ws/install/turtlebot3_bringup:/home/racc_man/turtlebot3_ws/install/turtlebot3_node:/home/racc_man/turtlebot3_ws/install/turtlebot3_navigation2:/home/racc_man/turtlebot3_ws/install/turtlebot3_fake_node:/home/racc_man/turtlebot3_ws/install/turtlebot3_msgs:/home/racc_man/turtlebot3_ws/install/turtlebot3_gazebo:/home/racc_man/turtlebot3_ws/install/turtlebot3_description:/home/racc_man/turtlebot3_ws/install/turtlebot3_cartographer:/home/racc_man/turtlebot3_ws/install/turtlebot3_teleop:/home/racc_man/turtlebot3_ws/install/turtlebot3_example:/opt/ros/humble:/home/racc_man/turtlebot3_ws/install/realsense_gazebo_plugin:/home/racc_man/turtlebot3_ws/install/realsense2_description:/home/racc_man/turtlebot3_ws/install/realsense2_camera:/home/racc_man/turtlebot3_ws/install/realsense2_camera_msgs:/home/racc_man/turtlebot3_ws/install/dynamixel_sdk_examples:/home/racc_man/turtlebot3_ws/install/dynamixel_sdk_custom_interfaces:/home/racc_man/turtlebot3_ws/install/dynamixel_sdk /usr/bin/cmake /home/racc_man/Monot/Monot_ROS2/src/monot_slam -DCMAKE_INSTALL_PREFIX=/home/racc_man/Monot/Monot_ROS2/install/monot_slam
[1.853s] Invoking command in '/home/racc_man/Monot/Monot_ROS2/build/monot_slam': CMAKE_PREFIX_PATH=/home/racc_man/Monot/Monot_ROS2/install/monot_slam:/home/racc_man/Monot/Monot_ROS2/install/monot_esp:/home/racc_man/turtlebot3_ws/install/turtlebot3:/home/racc_man/turtlebot3_ws/install/turtlebot3_simulations:/home/racc_man/turtlebot3_ws/install/turtlebot3_bringup:/home/racc_man/turtlebot3_ws/install/turtlebot3_node:/home/racc_man/turtlebot3_ws/install/turtlebot3_navigation2:/home/racc_man/turtlebot3_ws/install/turtlebot3_fake_node:/home/racc_man/turtlebot3_ws/install/turtlebot3_msgs:/home/racc_man/turtlebot3_ws/install/turtlebot3_gazebo:/home/racc_man/turtlebot3_ws/install/turtlebot3_description:/home/racc_man/turtlebot3_ws/install/turtlebot3_cartographer:/home/racc_man/turtlebot3_ws/install/turtlebot3_teleop:/home/racc_man/turtlebot3_ws/install/turtlebot3_example:/opt/ros/humble:/home/racc_man/turtlebot3_ws/install/realsense_gazebo_plugin:/home/racc_man/turtlebot3_ws/install/realsense2_description:/home/racc_man/turtlebot3_ws/install/realsense2_camera:/home/racc_man/turtlebot3_ws/install/realsense2_camera_msgs:/home/racc_man/turtlebot3_ws/install/dynamixel_sdk_examples:/home/racc_man/turtlebot3_ws/install/dynamixel_sdk_custom_interfaces:/home/racc_man/turtlebot3_ws/install/dynamixel_sdk /usr/bin/cmake --build /home/racc_man/Monot/Monot_ROS2/build/monot_slam -- -j20 -l20
[1.880s] [ 50%] [32mBuilding CXX object CMakeFiles/monot_slam_node.dir/rclcpp_components/node_main_monot_slam_node.cpp.o[0m
[1.881s] [ 50%] [32mBuilding CXX object CMakeFiles/monot_slam.dir/src/monot_slam_node.cpp.o[0m
[3.720s] [ 75%] [32m[1mLinking CXX executable monot_slam_node[0m
[3.802s] [ 75%] Built target monot_slam_node
[11.867s] [100%] [32m[1mLinking CXX shared library libmonot_slam.so[0m
[12.200s] [100%] Built target monot_slam
[12.206s] Invoked command in '/home/racc_man/Monot/Monot_ROS2/build/monot_slam' returned '0': CMAKE_PREFIX_PATH=/home/racc_man/Monot/Monot_ROS2/install/monot_slam:/home/racc_man/Monot/Monot_ROS2/install/monot_esp:/home/racc_man/turtlebot3_ws/install/turtlebot3:/home/racc_man/turtlebot3_ws/install/turtlebot3_simulations:/home/racc_man/turtlebot3_ws/install/turtlebot3_bringup:/home/racc_man/turtlebot3_ws/install/turtlebot3_node:/home/racc_man/turtlebot3_ws/install/turtlebot3_navigation2:/home/racc_man/turtlebot3_ws/install/turtlebot3_fake_node:/home/racc_man/turtlebot3_ws/install/turtlebot3_msgs:/home/racc_man/turtlebot3_ws/install/turtlebot3_gazebo:/home/racc_man/turtlebot3_ws/install/turtlebot3_description:/home/racc_man/turtlebot3_ws/install/turtlebot3_cartographer:/home/racc_man/turtlebot3_ws/install/turtlebot3_teleop:/home/racc_man/turtlebot3_ws/install/turtlebot3_example:/opt/ros/humble:/home/racc_man/turtlebot3_ws/install/realsense_gazebo_plugin:/home/racc_man/turtlebot3_ws/install/realsense2_description:/home/racc_man/turtlebot3_ws/install/realsense2_camera:/home/racc_man/turtlebot3_ws/install/realsense2_camera_msgs:/home/racc_man/turtlebot3_ws/install/dynamixel_sdk_examples:/home/racc_man/turtlebot3_ws/install/dynamixel_sdk_custom_interfaces:/home/racc_man/turtlebot3_ws/install/dynamixel_sdk /usr/bin/cmake --build /home/racc_man/Monot/Monot_ROS2/build/monot_slam -- -j20 -l20
[12.207s] Invoking command in '/home/racc_man/Monot/Monot_ROS2/build/monot_slam': CMAKE_PREFIX_PATH=/home/racc_man/Monot/Monot_ROS2/install/monot_slam:/home/racc_man/Monot/Monot_ROS2/install/monot_esp:/home/racc_man/turtlebot3_ws/install/turtlebot3:/home/racc_man/turtlebot3_ws/install/turtlebot3_simulations:/home/racc_man/turtlebot3_ws/install/turtlebot3_bringup:/home/racc_man/turtlebot3_ws/install/turtlebot3_node:/home/racc_man/turtlebot3_ws/install/turtlebot3_navigation2:/home/racc_man/turtlebot3_ws/install/turtlebot3_fake_node:/home/racc_man/turtlebot3_ws/install/turtlebot3_msgs:/home/racc_man/turtlebot3_ws/install/turtlebot3_gazebo:/home/racc_man/turtlebot3_ws/install/turtlebot3_description:/home/racc_man/turtlebot3_ws/install/turtlebot3_cartographer:/home/racc_man/turtlebot3_ws/install/turtlebot3_teleop:/home/racc_man/turtlebot3_ws/install/turtlebot3_example:/opt/ros/humble:/home/racc_man/turtlebot3_ws/install/realsense_gazebo_plugin:/home/racc_man/turtlebot3_ws/install/realsense2_description:/home/racc_man/turtlebot3_ws/install/realsense2_camera:/home/racc_man/turtlebot3_ws/install/realsense2_camera_msgs:/home/racc_man/turtlebot3_ws/install/dynamixel_sdk_examples:/home/racc_man/turtlebot3_ws/install/dynamixel_sdk_custom_interfaces:/home/racc_man/turtlebot3_ws/install/dynamixel_sdk /usr/bin/cmake --install /home/racc_man/Monot/Monot_ROS2/build/monot_slam
[12.211s] -- Install configuration: ""
[12.211s] -- Installing: /home/racc_man/Monot/Monot_ROS2/install/monot_slam/lib/monot_slam/monot_slam_node
[12.211s] -- Installing: /home/racc_man/Monot/Monot_ROS2/install/monot_slam/include
[12.212s] -- Installing: /home/racc_man/Monot/Monot_ROS2/install/monot_slam/include/monot_slam
[12.212s] -- Installing: /home/racc_man/Monot/Monot_ROS2/install/monot_slam/include/monot_slam/monot_slam_node.hpp
[12.212s] -- Installing: /home/racc_man/Monot/Monot_ROS2/install/monot_slam/share/monot_slam/environment/library_path.sh
[12.212s] -- Installing: /home/racc_man/Monot/Monot_ROS2/install/monot_slam/share/monot_slam/environment/library_path.dsv
[12.212s] -- Installing: /home/racc_man/Monot/Monot_ROS2/install/monot_slam/lib/libmonot_slam.so
[12.215s] -- Set runtime path of "/home/racc_man/Monot/Monot_ROS2/install/monot_slam/lib/libmonot_slam.so" to ""
[12.215s] -- Installing: /home/racc_man/Monot/Monot_ROS2/install/monot_slam/share/ament_index/resource_index/package_run_dependencies/monot_slam
[12.216s] -- Installing: /home/racc_man/Monot/Monot_ROS2/install/monot_slam/share/ament_index/resource_index/parent_prefix_path/monot_slam
[12.216s] -- Installing: /home/racc_man/Monot/Monot_ROS2/install/monot_slam/share/monot_slam/environment/ament_prefix_path.sh
[12.217s] -- Installing: /home/racc_man/Monot/Monot_ROS2/install/monot_slam/share/monot_slam/environment/ament_prefix_path.dsv
[12.217s] -- Installing: /home/racc_man/Monot/Monot_ROS2/install/monot_slam/share/monot_slam/environment/path.sh
[12.217s] -- Installing: /home/racc_man/Monot/Monot_ROS2/install/monot_slam/share/monot_slam/environment/path.dsv
[12.217s] -- Installing: /home/racc_man/Monot/Monot_ROS2/install/monot_slam/share/monot_slam/local_setup.bash
[12.217s] -- Installing: /home/racc_man/Monot/Monot_ROS2/install/monot_slam/share/monot_slam/local_setup.sh
[12.217s] -- Installing: /home/racc_man/Monot/Monot_ROS2/install/monot_slam/share/monot_slam/local_setup.zsh
[12.217s] -- Installing: /home/racc_man/Monot/Monot_ROS2/install/monot_slam/share/monot_slam/local_setup.dsv
[12.217s] -- Installing: /home/racc_man/Monot/Monot_ROS2/install/monot_slam/share/monot_slam/package.dsv
[12.217s] -- Installing: /home/racc_man/Monot/Monot_ROS2/install/monot_slam/share/ament_index/resource_index/packages/monot_slam
[12.217s] -- Installing: /home/racc_man/Monot/Monot_ROS2/install/monot_slam/share/ament_index/resource_index/rclcpp_components/monot_slam
[12.217s] -- Installing: /home/racc_man/Monot/Monot_ROS2/install/monot_slam/share/monot_slam/cmake/ament_cmake_export_dependencies-extras.cmake
[12.217s] -- Installing: /home/racc_man/Monot/Monot_ROS2/install/monot_slam/share/monot_slam/cmake/ament_cmake_export_include_directories-extras.cmake
[12.217s] -- Installing: /home/racc_man/Monot/Monot_ROS2/install/monot_slam/share/monot_slam/cmake/ament_cmake_export_libraries-extras.cmake
[12.217s] -- Installing: /home/racc_man/Monot/Monot_ROS2/install/monot_slam/share/monot_slam/cmake/monot_slamConfig.cmake
[12.217s] -- Installing: /home/racc_man/Monot/Monot_ROS2/install/monot_slam/share/monot_slam/cmake/monot_slamConfig-version.cmake
[12.217s] -- Installing: /home/racc_man/Monot/Monot_ROS2/install/monot_slam/share/monot_slam/package.xml
[12.219s] Invoked command in '/home/racc_man/Monot/Monot_ROS2/build/monot_slam' returned '0': CMAKE_PREFIX_PATH=/home/racc_man/Monot/Monot_ROS2/install/monot_slam:/home/racc_man/Monot/Monot_ROS2/install/monot_esp:/home/racc_man/turtlebot3_ws/install/turtlebot3:/home/racc_man/turtlebot3_ws/install/turtlebot3_simulations:/home/racc_man/turtlebot3_ws/install/turtlebot3_bringup:/home/racc_man/turtlebot3_ws/install/turtlebot3_node:/home/racc_man/turtlebot3_ws/install/turtlebot3_navigation2:/home/racc_man/turtlebot3_ws/install/turtlebot3_fake_node:/home/racc_man/turtlebot3_ws/install/turtlebot3_msgs:/home/racc_man/turtlebot3_ws/install/turtlebot3_gazebo:/home/racc_man/turtlebot3_ws/install/turtlebot3_description:/home/racc_man/turtlebot3_ws/install/turtlebot3_cartographer:/home/racc_man/turtlebot3_ws/install/turtlebot3_teleop:/home/racc_man/turtlebot3_ws/install/turtlebot3_example:/opt/ros/humble:/home/racc_man/turtlebot3_ws/install/realsense_gazebo_plugin:/home/racc_man/turtlebot3_ws/install/realsense2_description:/home/racc_man/turtlebot3_ws/install/realsense2_camera:/home/racc_man/turtlebot3_ws/install/realsense2_camera_msgs:/home/racc_man/turtlebot3_ws/install/dynamixel_sdk_examples:/home/racc_man/turtlebot3_ws/install/dynamixel_sdk_custom_interfaces:/home/racc_man/turtlebot3_ws/install/dynamixel_sdk /usr/bin/cmake --install /home/racc_man/Monot/Monot_ROS2/build/monot_slam
