[35m[1mConsolidate compiler generated dependencies of target monot_slam_node[0m
[35m[1mConsolidate compiler generated dependencies of target monot_slam[0m
[ 50%] Built target monot_slam_node
[ 75%] [32mBuilding CXX object CMakeFiles/monot_slam.dir/src/monot_slam_node.cpp.o[0m
[100%] [32m[1mLinking CXX shared library libmonot_slam.so[0m
[100%] Built target monot_slam
-- Install configuration: ""
-- Up-to-date: /home/racc_man/Monot/Monot_ROS2/install/monot_slam/lib/monot_slam/monot_slam_node
-- Up-to-date: /home/racc_man/Monot/Monot_ROS2/install/monot_slam/include
-- Up-to-date: /home/racc_man/Monot/Monot_ROS2/install/monot_slam/include/monot_slam
-- Installing: /home/racc_man/Monot/Monot_ROS2/install/monot_slam/include/monot_slam/monot_slam_node.hpp
-- Up-to-date: /home/racc_man/Monot/Monot_ROS2/install/monot_slam/share/monot_slam/environment/library_path.sh
-- Up-to-date: /home/racc_man/Monot/Monot_ROS2/install/monot_slam/share/monot_slam/environment/library_path.dsv
-- Installing: /home/racc_man/Monot/Monot_ROS2/install/monot_slam/lib/libmonot_slam.so
-- Set runtime path of "/home/racc_man/Monot/Monot_ROS2/install/monot_slam/lib/libmonot_slam.so" to ""
-- Up-to-date: /home/racc_man/Monot/Monot_ROS2/install/monot_slam/share/ament_index/resource_index/package_run_dependencies/monot_slam
-- Up-to-date: /home/racc_man/Monot/Monot_ROS2/install/monot_slam/share/ament_index/resource_index/parent_prefix_path/monot_slam
-- Up-to-date: /home/racc_man/Monot/Monot_ROS2/install/monot_slam/share/monot_slam/environment/ament_prefix_path.sh
-- Up-to-date: /home/racc_man/Monot/Monot_ROS2/install/monot_slam/share/monot_slam/environment/ament_prefix_path.dsv
-- Up-to-date: /home/racc_man/Monot/Monot_ROS2/install/monot_slam/share/monot_slam/environment/path.sh
-- Up-to-date: /home/racc_man/Monot/Monot_ROS2/install/monot_slam/share/monot_slam/environment/path.dsv
-- Up-to-date: /home/racc_man/Monot/Monot_ROS2/install/monot_slam/share/monot_slam/local_setup.bash
-- Up-to-date: /home/racc_man/Monot/Monot_ROS2/install/monot_slam/share/monot_slam/local_setup.sh
-- Up-to-date: /home/racc_man/Monot/Monot_ROS2/install/monot_slam/share/monot_slam/local_setup.zsh
-- Up-to-date: /home/racc_man/Monot/Monot_ROS2/install/monot_slam/share/monot_slam/local_setup.dsv
-- Installing: /home/racc_man/Monot/Monot_ROS2/install/monot_slam/share/monot_slam/package.dsv
-- Up-to-date: /home/racc_man/Monot/Monot_ROS2/install/monot_slam/share/ament_index/resource_index/packages/monot_slam
-- Up-to-date: /home/racc_man/Monot/Monot_ROS2/install/monot_slam/share/ament_index/resource_index/rclcpp_components/monot_slam
-- Up-to-date: /home/racc_man/Monot/Monot_ROS2/install/monot_slam/share/monot_slam/cmake/ament_cmake_export_dependencies-extras.cmake
-- Up-to-date: /home/racc_man/Monot/Monot_ROS2/install/monot_slam/share/monot_slam/cmake/ament_cmake_export_include_directories-extras.cmake
-- Up-to-date: /home/racc_man/Monot/Monot_ROS2/install/monot_slam/share/monot_slam/cmake/ament_cmake_export_libraries-extras.cmake
-- Up-to-date: /home/racc_man/Monot/Monot_ROS2/install/monot_slam/share/monot_slam/cmake/monot_slamConfig.cmake
-- Up-to-date: /home/racc_man/Monot/Monot_ROS2/install/monot_slam/share/monot_slam/cmake/monot_slamConfig-version.cmake
-- Up-to-date: /home/racc_man/Monot/Monot_ROS2/install/monot_slam/share/monot_slam/package.xml
