[0.009s] Invoking command in '/home/racc_man/Monot/Monot_ROS2/build/monot_slam': CMAKE_PREFIX_PATH=/home/racc_man/Monot/Monot_ROS2/install/monot_slam:/home/racc_man/turtlebot3_ws/install/turtlebot3:/home/racc_man/turtlebot3_ws/install/turtlebot3_simulations:/home/racc_man/turtlebot3_ws/install/turtlebot3_bringup:/home/racc_man/turtlebot3_ws/install/turtlebot3_node:/home/racc_man/turtlebot3_ws/install/turtlebot3_navigation2:/home/racc_man/turtlebot3_ws/install/turtlebot3_fake_node:/home/racc_man/turtlebot3_ws/install/turtlebot3_msgs:/home/racc_man/turtlebot3_ws/install/turtlebot3_gazebo:/home/racc_man/turtlebot3_ws/install/turtlebot3_description:/home/racc_man/turtlebot3_ws/install/turtlebot3_cartographer:/home/racc_man/turtlebot3_ws/install/turtlebot3_teleop:/home/racc_man/turtlebot3_ws/install/turtlebot3_example:/opt/ros/humble:/home/racc_man/turtlebot3_ws/install/realsense_gazebo_plugin:/home/racc_man/turtlebot3_ws/install/realsense2_description:/home/racc_man/turtlebot3_ws/install/realsense2_camera:/home/racc_man/turtlebot3_ws/install/realsense2_camera_msgs:/home/racc_man/turtlebot3_ws/install/dynamixel_sdk_examples:/home/racc_man/turtlebot3_ws/install/dynamixel_sdk_custom_interfaces:/home/racc_man/turtlebot3_ws/install/dynamixel_sdk /usr/bin/cmake --build /home/racc_man/Monot/Monot_ROS2/build/monot_slam -- -j20 -l20
[0.048s] [35m[1mConsolidate compiler generated dependencies of target monot_slam_node[0m
[0.048s] [35m[1mConsolidate compiler generated dependencies of target monot_slam[0m
[0.056s] [ 50%] Built target monot_slam_node
[0.061s] [ 75%] [32mBuilding CXX object CMakeFiles/monot_slam.dir/src/monot_slam_node.cpp.o[0m
[9.936s] [100%] [32m[1mLinking CXX shared library libmonot_slam.so[0m
[10.297s] [100%] Built target monot_slam
[10.303s] Invoked command in '/home/racc_man/Monot/Monot_ROS2/build/monot_slam' returned '0': CMAKE_PREFIX_PATH=/home/racc_man/Monot/Monot_ROS2/install/monot_slam:/home/racc_man/turtlebot3_ws/install/turtlebot3:/home/racc_man/turtlebot3_ws/install/turtlebot3_simulations:/home/racc_man/turtlebot3_ws/install/turtlebot3_bringup:/home/racc_man/turtlebot3_ws/install/turtlebot3_node:/home/racc_man/turtlebot3_ws/install/turtlebot3_navigation2:/home/racc_man/turtlebot3_ws/install/turtlebot3_fake_node:/home/racc_man/turtlebot3_ws/install/turtlebot3_msgs:/home/racc_man/turtlebot3_ws/install/turtlebot3_gazebo:/home/racc_man/turtlebot3_ws/install/turtlebot3_description:/home/racc_man/turtlebot3_ws/install/turtlebot3_cartographer:/home/racc_man/turtlebot3_ws/install/turtlebot3_teleop:/home/racc_man/turtlebot3_ws/install/turtlebot3_example:/opt/ros/humble:/home/racc_man/turtlebot3_ws/install/realsense_gazebo_plugin:/home/racc_man/turtlebot3_ws/install/realsense2_description:/home/racc_man/turtlebot3_ws/install/realsense2_camera:/home/racc_man/turtlebot3_ws/install/realsense2_camera_msgs:/home/racc_man/turtlebot3_ws/install/dynamixel_sdk_examples:/home/racc_man/turtlebot3_ws/install/dynamixel_sdk_custom_interfaces:/home/racc_man/turtlebot3_ws/install/dynamixel_sdk /usr/bin/cmake --build /home/racc_man/Monot/Monot_ROS2/build/monot_slam -- -j20 -l20
[10.309s] Invoking command in '/home/racc_man/Monot/Monot_ROS2/build/monot_slam': CMAKE_PREFIX_PATH=/home/racc_man/Monot/Monot_ROS2/install/monot_slam:/home/racc_man/turtlebot3_ws/install/turtlebot3:/home/racc_man/turtlebot3_ws/install/turtlebot3_simulations:/home/racc_man/turtlebot3_ws/install/turtlebot3_bringup:/home/racc_man/turtlebot3_ws/install/turtlebot3_node:/home/racc_man/turtlebot3_ws/install/turtlebot3_navigation2:/home/racc_man/turtlebot3_ws/install/turtlebot3_fake_node:/home/racc_man/turtlebot3_ws/install/turtlebot3_msgs:/home/racc_man/turtlebot3_ws/install/turtlebot3_gazebo:/home/racc_man/turtlebot3_ws/install/turtlebot3_description:/home/racc_man/turtlebot3_ws/install/turtlebot3_cartographer:/home/racc_man/turtlebot3_ws/install/turtlebot3_teleop:/home/racc_man/turtlebot3_ws/install/turtlebot3_example:/opt/ros/humble:/home/racc_man/turtlebot3_ws/install/realsense_gazebo_plugin:/home/racc_man/turtlebot3_ws/install/realsense2_description:/home/racc_man/turtlebot3_ws/install/realsense2_camera:/home/racc_man/turtlebot3_ws/install/realsense2_camera_msgs:/home/racc_man/turtlebot3_ws/install/dynamixel_sdk_examples:/home/racc_man/turtlebot3_ws/install/dynamixel_sdk_custom_interfaces:/home/racc_man/turtlebot3_ws/install/dynamixel_sdk /usr/bin/cmake --install /home/racc_man/Monot/Monot_ROS2/build/monot_slam
[10.313s] -- Install configuration: ""
[10.313s] -- Up-to-date: /home/racc_man/Monot/Monot_ROS2/install/monot_slam/lib/monot_slam/monot_slam_node
[10.313s] -- Up-to-date: /home/racc_man/Monot/Monot_ROS2/install/monot_slam/include
[10.313s] -- Up-to-date: /home/racc_man/Monot/Monot_ROS2/install/monot_slam/include/monot_slam
[10.313s] -- Installing: /home/racc_man/Monot/Monot_ROS2/install/monot_slam/include/monot_slam/monot_slam_node.hpp
[10.313s] -- Up-to-date: /home/racc_man/Monot/Monot_ROS2/install/monot_slam/share/monot_slam/environment/library_path.sh
[10.313s] -- Up-to-date: /home/racc_man/Monot/Monot_ROS2/install/monot_slam/share/monot_slam/environment/library_path.dsv
[10.314s] -- Installing: /home/racc_man/Monot/Monot_ROS2/install/monot_slam/lib/libmonot_slam.so
[10.317s] -- Set runtime path of "/home/racc_man/Monot/Monot_ROS2/install/monot_slam/lib/libmonot_slam.so" to ""
[10.317s] -- Up-to-date: /home/racc_man/Monot/Monot_ROS2/install/monot_slam/share/ament_index/resource_index/package_run_dependencies/monot_slam
[10.317s] -- Up-to-date: /home/racc_man/Monot/Monot_ROS2/install/monot_slam/share/ament_index/resource_index/parent_prefix_path/monot_slam
[10.317s] -- Up-to-date: /home/racc_man/Monot/Monot_ROS2/install/monot_slam/share/monot_slam/environment/ament_prefix_path.sh
[10.317s] -- Up-to-date: /home/racc_man/Monot/Monot_ROS2/install/monot_slam/share/monot_slam/environment/ament_prefix_path.dsv
[10.317s] -- Up-to-date: /home/racc_man/Monot/Monot_ROS2/install/monot_slam/share/monot_slam/environment/path.sh
[10.317s] -- Up-to-date: /home/racc_man/Monot/Monot_ROS2/install/monot_slam/share/monot_slam/environment/path.dsv
[10.317s] -- Up-to-date: /home/racc_man/Monot/Monot_ROS2/install/monot_slam/share/monot_slam/local_setup.bash
[10.317s] -- Up-to-date: /home/racc_man/Monot/Monot_ROS2/install/monot_slam/share/monot_slam/local_setup.sh
[10.317s] -- Up-to-date: /home/racc_man/Monot/Monot_ROS2/install/monot_slam/share/monot_slam/local_setup.zsh
[10.317s] -- Up-to-date: /home/racc_man/Monot/Monot_ROS2/install/monot_slam/share/monot_slam/local_setup.dsv
[10.317s] -- Installing: /home/racc_man/Monot/Monot_ROS2/install/monot_slam/share/monot_slam/package.dsv
[10.317s] -- Up-to-date: /home/racc_man/Monot/Monot_ROS2/install/monot_slam/share/ament_index/resource_index/packages/monot_slam
[10.317s] -- Up-to-date: /home/racc_man/Monot/Monot_ROS2/install/monot_slam/share/ament_index/resource_index/rclcpp_components/monot_slam
[10.317s] -- Up-to-date: /home/racc_man/Monot/Monot_ROS2/install/monot_slam/share/monot_slam/cmake/ament_cmake_export_dependencies-extras.cmake
[10.318s] -- Up-to-date: /home/racc_man/Monot/Monot_ROS2/install/monot_slam/share/monot_slam/cmake/ament_cmake_export_include_directories-extras.cmake
[10.318s] -- Up-to-date: /home/racc_man/Monot/Monot_ROS2/install/monot_slam/share/monot_slam/cmake/ament_cmake_export_libraries-extras.cmake
[10.318s] -- Up-to-date: /home/racc_man/Monot/Monot_ROS2/install/monot_slam/share/monot_slam/cmake/monot_slamConfig.cmake
[10.318s] -- Up-to-date: /home/racc_man/Monot/Monot_ROS2/install/monot_slam/share/monot_slam/cmake/monot_slamConfig-version.cmake
[10.318s] -- Up-to-date: /home/racc_man/Monot/Monot_ROS2/install/monot_slam/share/monot_slam/package.xml
[10.319s] Invoked command in '/home/racc_man/Monot/Monot_ROS2/build/monot_slam' returned '0': CMAKE_PREFIX_PATH=/home/racc_man/Monot/Monot_ROS2/install/monot_slam:/home/racc_man/turtlebot3_ws/install/turtlebot3:/home/racc_man/turtlebot3_ws/install/turtlebot3_simulations:/home/racc_man/turtlebot3_ws/install/turtlebot3_bringup:/home/racc_man/turtlebot3_ws/install/turtlebot3_node:/home/racc_man/turtlebot3_ws/install/turtlebot3_navigation2:/home/racc_man/turtlebot3_ws/install/turtlebot3_fake_node:/home/racc_man/turtlebot3_ws/install/turtlebot3_msgs:/home/racc_man/turtlebot3_ws/install/turtlebot3_gazebo:/home/racc_man/turtlebot3_ws/install/turtlebot3_description:/home/racc_man/turtlebot3_ws/install/turtlebot3_cartographer:/home/racc_man/turtlebot3_ws/install/turtlebot3_teleop:/home/racc_man/turtlebot3_ws/install/turtlebot3_example:/opt/ros/humble:/home/racc_man/turtlebot3_ws/install/realsense_gazebo_plugin:/home/racc_man/turtlebot3_ws/install/realsense2_description:/home/racc_man/turtlebot3_ws/install/realsense2_camera:/home/racc_man/turtlebot3_ws/install/realsense2_camera_msgs:/home/racc_man/turtlebot3_ws/install/dynamixel_sdk_examples:/home/racc_man/turtlebot3_ws/install/dynamixel_sdk_custom_interfaces:/home/racc_man/turtlebot3_ws/install/dynamixel_sdk /usr/bin/cmake --install /home/racc_man/Monot/Monot_ROS2/build/monot_slam
