[0.099s] DEBUG:colcon:Command line arguments: ['/usr/bin/colcon', 'build']
[0.099s] DEBUG:colcon:Parsed command line arguments: Namespace(log_base=None, log_level=None, verb_name='build', build_base='build', install_base='install', merge_install=False, symlink_install=False, test_result_base=None, continue_on_error=False, executor='parallel', parallel_workers=20, event_handlers=None, ignore_user_meta=False, metas=['./colcon.meta'], base_paths=['.'], packages_ignore=None, packages_ignore_regex=None, paths=None, packages_up_to=None, packages_up_to_regex=None, packages_above=None, packages_above_and_dependencies=None, packages_above_depth=None, packages_select_by_dep=None, packages_skip_by_dep=None, packages_skip_up_to=None, packages_select_build_failed=False, packages_skip_build_finished=False, packages_select_test_failures=False, packages_skip_test_passed=False, packages_select=None, packages_skip=None, packages_select_regex=None, packages_skip_regex=None, packages_start=None, packages_end=None, allow_overriding=[], cmake_args=None, cmake_target=None, cmake_target_skip_unavailable=False, cmake_clean_cache=False, cmake_clean_first=False, cmake_force_configure=False, ament_cmake_args=None, catkin_cmake_args=None, catkin_skip_building_tests=False, verb_parser=<colcon_defaults.argument_parser.defaults.DefaultArgumentsDecorator object at 0x7e68ca164c70>, verb_extension=<colcon_core.verb.build.BuildVerb object at 0x7e68ca1640d0>, main=<bound method BuildVerb.main of <colcon_core.verb.build.BuildVerb object at 0x7e68ca1640d0>>)
[0.175s] Level 1:colcon.colcon_core.package_discovery:discover_packages(colcon_meta) check parameters
[0.175s] Level 1:colcon.colcon_core.package_discovery:discover_packages(recursive) check parameters
[0.175s] Level 1:colcon.colcon_core.package_discovery:discover_packages(ignore) check parameters
[0.175s] Level 1:colcon.colcon_core.package_discovery:discover_packages(path) check parameters
[0.175s] Level 1:colcon.colcon_core.package_discovery:discover_packages(colcon_meta) discover
[0.175s] Level 1:colcon.colcon_core.package_discovery:discover_packages(recursive) discover
[0.175s] INFO:colcon.colcon_core.package_discovery:Crawling recursively for packages in '/home/racc_man/Monot/Monot_ROS2'
[0.175s] Level 1:colcon.colcon_core.package_identification:_identify(.) by extensions ['ignore', 'ignore_ament_install']
[0.175s] Level 1:colcon.colcon_core.package_identification:_identify(.) by extension 'ignore'
[0.175s] Level 1:colcon.colcon_core.package_identification:_identify(.) by extension 'ignore_ament_install'
[0.175s] Level 1:colcon.colcon_core.package_identification:_identify(.) by extensions ['colcon_pkg']
[0.175s] Level 1:colcon.colcon_core.package_identification:_identify(.) by extension 'colcon_pkg'
[0.175s] Level 1:colcon.colcon_core.package_identification:_identify(.) by extensions ['colcon_meta']
[0.175s] Level 1:colcon.colcon_core.package_identification:_identify(.) by extension 'colcon_meta'
[0.175s] Level 1:colcon.colcon_core.package_identification:_identify(.) by extensions ['ros']
[0.175s] Level 1:colcon.colcon_core.package_identification:_identify(.) by extension 'ros'
[0.183s] Level 1:colcon.colcon_core.package_identification:_identify(.) by extensions ['cmake', 'python']
[0.183s] Level 1:colcon.colcon_core.package_identification:_identify(.) by extension 'cmake'
[0.183s] Level 1:colcon.colcon_core.package_identification:_identify(.) by extension 'python'
[0.183s] Level 1:colcon.colcon_core.package_identification:_identify(.) by extensions ['python_setup_py']
[0.183s] Level 1:colcon.colcon_core.package_identification:_identify(.) by extension 'python_setup_py'
[0.183s] Level 1:colcon.colcon_core.package_identification:_identify(build) by extensions ['ignore', 'ignore_ament_install']
[0.183s] Level 1:colcon.colcon_core.package_identification:_identify(build) by extension 'ignore'
[0.183s] Level 1:colcon.colcon_core.package_identification:_identify(build) ignored
[0.184s] Level 1:colcon.colcon_core.package_identification:_identify(install) by extensions ['ignore', 'ignore_ament_install']
[0.184s] Level 1:colcon.colcon_core.package_identification:_identify(install) by extension 'ignore'
[0.184s] Level 1:colcon.colcon_core.package_identification:_identify(install) ignored
[0.184s] Level 1:colcon.colcon_core.package_identification:_identify(log) by extensions ['ignore', 'ignore_ament_install']
[0.184s] Level 1:colcon.colcon_core.package_identification:_identify(log) by extension 'ignore'
[0.184s] Level 1:colcon.colcon_core.package_identification:_identify(log) ignored
[0.184s] Level 1:colcon.colcon_core.package_identification:_identify(src) by extensions ['ignore', 'ignore_ament_install']
[0.184s] Level 1:colcon.colcon_core.package_identification:_identify(src) by extension 'ignore'
[0.184s] Level 1:colcon.colcon_core.package_identification:_identify(src) by extension 'ignore_ament_install'
[0.184s] Level 1:colcon.colcon_core.package_identification:_identify(src) by extensions ['colcon_pkg']
[0.184s] Level 1:colcon.colcon_core.package_identification:_identify(src) by extension 'colcon_pkg'
[0.184s] Level 1:colcon.colcon_core.package_identification:_identify(src) by extensions ['colcon_meta']
[0.184s] Level 1:colcon.colcon_core.package_identification:_identify(src) by extension 'colcon_meta'
[0.184s] Level 1:colcon.colcon_core.package_identification:_identify(src) by extensions ['ros']
[0.184s] Level 1:colcon.colcon_core.package_identification:_identify(src) by extension 'ros'
[0.184s] Level 1:colcon.colcon_core.package_identification:_identify(src) by extensions ['cmake', 'python']
[0.184s] Level 1:colcon.colcon_core.package_identification:_identify(src) by extension 'cmake'
[0.184s] Level 1:colcon.colcon_core.package_identification:_identify(src) by extension 'python'
[0.184s] Level 1:colcon.colcon_core.package_identification:_identify(src) by extensions ['python_setup_py']
[0.184s] Level 1:colcon.colcon_core.package_identification:_identify(src) by extension 'python_setup_py'
[0.184s] Level 1:colcon.colcon_core.package_identification:_identify(src/monot_slam) by extensions ['ignore', 'ignore_ament_install']
[0.184s] Level 1:colcon.colcon_core.package_identification:_identify(src/monot_slam) by extension 'ignore'
[0.184s] Level 1:colcon.colcon_core.package_identification:_identify(src/monot_slam) by extension 'ignore_ament_install'
[0.184s] Level 1:colcon.colcon_core.package_identification:_identify(src/monot_slam) by extensions ['colcon_pkg']
[0.184s] Level 1:colcon.colcon_core.package_identification:_identify(src/monot_slam) by extension 'colcon_pkg'
[0.184s] Level 1:colcon.colcon_core.package_identification:_identify(src/monot_slam) by extensions ['colcon_meta']
[0.184s] Level 1:colcon.colcon_core.package_identification:_identify(src/monot_slam) by extension 'colcon_meta'
[0.184s] Level 1:colcon.colcon_core.package_identification:_identify(src/monot_slam) by extensions ['ros']
[0.184s] Level 1:colcon.colcon_core.package_identification:_identify(src/monot_slam) by extension 'ros'
[0.186s] DEBUG:colcon.colcon_core.package_identification:Package 'src/monot_slam' with type 'ros.ament_cmake' and name 'monot_slam'
[0.186s] Level 1:colcon.colcon_core.package_discovery:discover_packages(recursive) using defaults
[0.186s] Level 1:colcon.colcon_core.package_discovery:discover_packages(ignore) discover
[0.186s] Level 1:colcon.colcon_core.package_discovery:discover_packages(ignore) using defaults
[0.186s] Level 1:colcon.colcon_core.package_discovery:discover_packages(path) discover
[0.186s] Level 1:colcon.colcon_core.package_discovery:discover_packages(path) using defaults
[0.196s] Level 1:colcon.colcon_core.package_discovery:discover_packages(prefix_path) check parameters
[0.197s] Level 1:colcon.colcon_core.package_discovery:discover_packages(prefix_path) discover
[0.203s] WARNING:colcon.colcon_ros.prefix_path.ament:The path '/home/racc_man/Monot/Monot_ROS2/install/monot_slam' in the environment variable AMENT_PREFIX_PATH doesn't exist
[0.203s] WARNING:colcon.colcon_ros.prefix_path.catkin:The path '/home/racc_man/Monot/Monot_ROS2/install/monot_slam' in the environment variable CMAKE_PREFIX_PATH doesn't exist
[0.203s] DEBUG:colcon.colcon_installed_package_information.package_discovery:Found 0 installed packages in /home/racc_man/Monot/Monot_ROS2/install
[0.204s] DEBUG:colcon.colcon_installed_package_information.package_discovery:Found 19 installed packages in /home/racc_man/turtlebot3_ws/install
[0.204s] DEBUG:colcon.colcon_installed_package_information.package_discovery:Found 391 installed packages in /opt/ros/humble
[0.205s] Level 1:colcon.colcon_core.package_discovery:discover_packages(prefix_path) using defaults
[0.229s] Level 5:colcon.colcon_core.verb:set package 'monot_slam' build argument 'cmake_args' from command line to 'None'
[0.229s] Level 5:colcon.colcon_core.verb:set package 'monot_slam' build argument 'cmake_target' from command line to 'None'
[0.229s] Level 5:colcon.colcon_core.verb:set package 'monot_slam' build argument 'cmake_target_skip_unavailable' from command line to 'False'
[0.229s] Level 5:colcon.colcon_core.verb:set package 'monot_slam' build argument 'cmake_clean_cache' from command line to 'False'
[0.229s] Level 5:colcon.colcon_core.verb:set package 'monot_slam' build argument 'cmake_clean_first' from command line to 'False'
[0.229s] Level 5:colcon.colcon_core.verb:set package 'monot_slam' build argument 'cmake_force_configure' from command line to 'False'
[0.229s] Level 5:colcon.colcon_core.verb:set package 'monot_slam' build argument 'ament_cmake_args' from command line to 'None'
[0.229s] Level 5:colcon.colcon_core.verb:set package 'monot_slam' build argument 'catkin_cmake_args' from command line to 'None'
[0.229s] Level 5:colcon.colcon_core.verb:set package 'monot_slam' build argument 'catkin_skip_building_tests' from command line to 'False'
[0.229s] DEBUG:colcon.colcon_core.verb:Building package 'monot_slam' with the following arguments: {'ament_cmake_args': None, 'build_base': '/home/racc_man/Monot/Monot_ROS2/build/monot_slam', 'catkin_cmake_args': None, 'catkin_skip_building_tests': False, 'cmake_args': None, 'cmake_clean_cache': False, 'cmake_clean_first': False, 'cmake_force_configure': False, 'cmake_target': None, 'cmake_target_skip_unavailable': False, 'install_base': '/home/racc_man/Monot/Monot_ROS2/install/monot_slam', 'merge_install': False, 'path': '/home/racc_man/Monot/Monot_ROS2/src/monot_slam', 'symlink_install': False, 'test_result_base': None}
[0.229s] INFO:colcon.colcon_core.executor:Executing jobs using 'parallel' executor
[0.230s] DEBUG:colcon.colcon_parallel_executor.executor.parallel:run_until_complete
[0.230s] INFO:colcon.colcon_ros.task.ament_cmake.build:Building ROS package in '/home/racc_man/Monot/Monot_ROS2/src/monot_slam' with build type 'ament_cmake'
[0.231s] INFO:colcon.colcon_cmake.task.cmake.build:Building CMake package in '/home/racc_man/Monot/Monot_ROS2/src/monot_slam'
[0.232s] INFO:colcon.colcon_core.plugin_system:Skipping extension 'colcon_core.shell.bat': Not used on non-Windows systems
[0.232s] INFO:colcon.colcon_core.shell:Skip shell extension 'powershell' for command environment: Not usable outside of PowerShell
[0.232s] DEBUG:colcon.colcon_core.shell:Skip shell extension 'dsv' for command environment
[0.238s] DEBUG:colcon.colcon_core.event_handler.log_command:Invoking command in '/home/racc_man/Monot/Monot_ROS2/build/monot_slam': CMAKE_PREFIX_PATH=/home/racc_man/Monot/Monot_ROS2/install/monot_slam:/home/racc_man/turtlebot3_ws/install/turtlebot3:/home/racc_man/turtlebot3_ws/install/turtlebot3_simulations:/home/racc_man/turtlebot3_ws/install/turtlebot3_bringup:/home/racc_man/turtlebot3_ws/install/turtlebot3_node:/home/racc_man/turtlebot3_ws/install/turtlebot3_navigation2:/home/racc_man/turtlebot3_ws/install/turtlebot3_fake_node:/home/racc_man/turtlebot3_ws/install/turtlebot3_msgs:/home/racc_man/turtlebot3_ws/install/turtlebot3_gazebo:/home/racc_man/turtlebot3_ws/install/turtlebot3_description:/home/racc_man/turtlebot3_ws/install/turtlebot3_cartographer:/home/racc_man/turtlebot3_ws/install/turtlebot3_teleop:/home/racc_man/turtlebot3_ws/install/turtlebot3_example:/opt/ros/humble:/home/racc_man/turtlebot3_ws/install/realsense_gazebo_plugin:/home/racc_man/turtlebot3_ws/install/realsense2_description:/home/racc_man/turtlebot3_ws/install/realsense2_camera:/home/racc_man/turtlebot3_ws/install/realsense2_camera_msgs:/home/racc_man/turtlebot3_ws/install/dynamixel_sdk_examples:/home/racc_man/turtlebot3_ws/install/dynamixel_sdk_custom_interfaces:/home/racc_man/turtlebot3_ws/install/dynamixel_sdk /usr/bin/cmake /home/racc_man/Monot/Monot_ROS2/src/monot_slam -DCMAKE_INSTALL_PREFIX=/home/racc_man/Monot/Monot_ROS2/install/monot_slam
[2.478s] DEBUG:colcon.colcon_core.event_handler.log_command:Invoked command in '/home/racc_man/Monot/Monot_ROS2/build/monot_slam' returned '0': CMAKE_PREFIX_PATH=/home/racc_man/Monot/Monot_ROS2/install/monot_slam:/home/racc_man/turtlebot3_ws/install/turtlebot3:/home/racc_man/turtlebot3_ws/install/turtlebot3_simulations:/home/racc_man/turtlebot3_ws/install/turtlebot3_bringup:/home/racc_man/turtlebot3_ws/install/turtlebot3_node:/home/racc_man/turtlebot3_ws/install/turtlebot3_navigation2:/home/racc_man/turtlebot3_ws/install/turtlebot3_fake_node:/home/racc_man/turtlebot3_ws/install/turtlebot3_msgs:/home/racc_man/turtlebot3_ws/install/turtlebot3_gazebo:/home/racc_man/turtlebot3_ws/install/turtlebot3_description:/home/racc_man/turtlebot3_ws/install/turtlebot3_cartographer:/home/racc_man/turtlebot3_ws/install/turtlebot3_teleop:/home/racc_man/turtlebot3_ws/install/turtlebot3_example:/opt/ros/humble:/home/racc_man/turtlebot3_ws/install/realsense_gazebo_plugin:/home/racc_man/turtlebot3_ws/install/realsense2_description:/home/racc_man/turtlebot3_ws/install/realsense2_camera:/home/racc_man/turtlebot3_ws/install/realsense2_camera_msgs:/home/racc_man/turtlebot3_ws/install/dynamixel_sdk_examples:/home/racc_man/turtlebot3_ws/install/dynamixel_sdk_custom_interfaces:/home/racc_man/turtlebot3_ws/install/dynamixel_sdk /usr/bin/cmake /home/racc_man/Monot/Monot_ROS2/src/monot_slam -DCMAKE_INSTALL_PREFIX=/home/racc_man/Monot/Monot_ROS2/install/monot_slam
[2.480s] DEBUG:colcon.colcon_core.event_handler.log_command:Invoking command in '/home/racc_man/Monot/Monot_ROS2/build/monot_slam': CMAKE_PREFIX_PATH=/home/racc_man/Monot/Monot_ROS2/install/monot_slam:/home/racc_man/turtlebot3_ws/install/turtlebot3:/home/racc_man/turtlebot3_ws/install/turtlebot3_simulations:/home/racc_man/turtlebot3_ws/install/turtlebot3_bringup:/home/racc_man/turtlebot3_ws/install/turtlebot3_node:/home/racc_man/turtlebot3_ws/install/turtlebot3_navigation2:/home/racc_man/turtlebot3_ws/install/turtlebot3_fake_node:/home/racc_man/turtlebot3_ws/install/turtlebot3_msgs:/home/racc_man/turtlebot3_ws/install/turtlebot3_gazebo:/home/racc_man/turtlebot3_ws/install/turtlebot3_description:/home/racc_man/turtlebot3_ws/install/turtlebot3_cartographer:/home/racc_man/turtlebot3_ws/install/turtlebot3_teleop:/home/racc_man/turtlebot3_ws/install/turtlebot3_example:/opt/ros/humble:/home/racc_man/turtlebot3_ws/install/realsense_gazebo_plugin:/home/racc_man/turtlebot3_ws/install/realsense2_description:/home/racc_man/turtlebot3_ws/install/realsense2_camera:/home/racc_man/turtlebot3_ws/install/realsense2_camera_msgs:/home/racc_man/turtlebot3_ws/install/dynamixel_sdk_examples:/home/racc_man/turtlebot3_ws/install/dynamixel_sdk_custom_interfaces:/home/racc_man/turtlebot3_ws/install/dynamixel_sdk /usr/bin/cmake --build /home/racc_man/Monot/Monot_ROS2/build/monot_slam -- -j20 -l20
[12.769s] DEBUG:colcon.colcon_core.event_handler.log_command:Invoked command in '/home/racc_man/Monot/Monot_ROS2/build/monot_slam' returned '0': CMAKE_PREFIX_PATH=/home/racc_man/Monot/Monot_ROS2/install/monot_slam:/home/racc_man/turtlebot3_ws/install/turtlebot3:/home/racc_man/turtlebot3_ws/install/turtlebot3_simulations:/home/racc_man/turtlebot3_ws/install/turtlebot3_bringup:/home/racc_man/turtlebot3_ws/install/turtlebot3_node:/home/racc_man/turtlebot3_ws/install/turtlebot3_navigation2:/home/racc_man/turtlebot3_ws/install/turtlebot3_fake_node:/home/racc_man/turtlebot3_ws/install/turtlebot3_msgs:/home/racc_man/turtlebot3_ws/install/turtlebot3_gazebo:/home/racc_man/turtlebot3_ws/install/turtlebot3_description:/home/racc_man/turtlebot3_ws/install/turtlebot3_cartographer:/home/racc_man/turtlebot3_ws/install/turtlebot3_teleop:/home/racc_man/turtlebot3_ws/install/turtlebot3_example:/opt/ros/humble:/home/racc_man/turtlebot3_ws/install/realsense_gazebo_plugin:/home/racc_man/turtlebot3_ws/install/realsense2_description:/home/racc_man/turtlebot3_ws/install/realsense2_camera:/home/racc_man/turtlebot3_ws/install/realsense2_camera_msgs:/home/racc_man/turtlebot3_ws/install/dynamixel_sdk_examples:/home/racc_man/turtlebot3_ws/install/dynamixel_sdk_custom_interfaces:/home/racc_man/turtlebot3_ws/install/dynamixel_sdk /usr/bin/cmake --build /home/racc_man/Monot/Monot_ROS2/build/monot_slam -- -j20 -l20
[12.775s] DEBUG:colcon.colcon_core.event_handler.log_command:Invoking command in '/home/racc_man/Monot/Monot_ROS2/build/monot_slam': CMAKE_PREFIX_PATH=/home/racc_man/Monot/Monot_ROS2/install/monot_slam:/home/racc_man/turtlebot3_ws/install/turtlebot3:/home/racc_man/turtlebot3_ws/install/turtlebot3_simulations:/home/racc_man/turtlebot3_ws/install/turtlebot3_bringup:/home/racc_man/turtlebot3_ws/install/turtlebot3_node:/home/racc_man/turtlebot3_ws/install/turtlebot3_navigation2:/home/racc_man/turtlebot3_ws/install/turtlebot3_fake_node:/home/racc_man/turtlebot3_ws/install/turtlebot3_msgs:/home/racc_man/turtlebot3_ws/install/turtlebot3_gazebo:/home/racc_man/turtlebot3_ws/install/turtlebot3_description:/home/racc_man/turtlebot3_ws/install/turtlebot3_cartographer:/home/racc_man/turtlebot3_ws/install/turtlebot3_teleop:/home/racc_man/turtlebot3_ws/install/turtlebot3_example:/opt/ros/humble:/home/racc_man/turtlebot3_ws/install/realsense_gazebo_plugin:/home/racc_man/turtlebot3_ws/install/realsense2_description:/home/racc_man/turtlebot3_ws/install/realsense2_camera:/home/racc_man/turtlebot3_ws/install/realsense2_camera_msgs:/home/racc_man/turtlebot3_ws/install/dynamixel_sdk_examples:/home/racc_man/turtlebot3_ws/install/dynamixel_sdk_custom_interfaces:/home/racc_man/turtlebot3_ws/install/dynamixel_sdk /usr/bin/cmake --install /home/racc_man/Monot/Monot_ROS2/build/monot_slam
[12.785s] Level 1:colcon.colcon_core.environment:create_environment_scripts_only(monot_slam)
[12.785s] DEBUG:colcon.colcon_core.event_handler.log_command:Invoked command in '/home/racc_man/Monot/Monot_ROS2/build/monot_slam' returned '0': CMAKE_PREFIX_PATH=/home/racc_man/Monot/Monot_ROS2/install/monot_slam:/home/racc_man/turtlebot3_ws/install/turtlebot3:/home/racc_man/turtlebot3_ws/install/turtlebot3_simulations:/home/racc_man/turtlebot3_ws/install/turtlebot3_bringup:/home/racc_man/turtlebot3_ws/install/turtlebot3_node:/home/racc_man/turtlebot3_ws/install/turtlebot3_navigation2:/home/racc_man/turtlebot3_ws/install/turtlebot3_fake_node:/home/racc_man/turtlebot3_ws/install/turtlebot3_msgs:/home/racc_man/turtlebot3_ws/install/turtlebot3_gazebo:/home/racc_man/turtlebot3_ws/install/turtlebot3_description:/home/racc_man/turtlebot3_ws/install/turtlebot3_cartographer:/home/racc_man/turtlebot3_ws/install/turtlebot3_teleop:/home/racc_man/turtlebot3_ws/install/turtlebot3_example:/opt/ros/humble:/home/racc_man/turtlebot3_ws/install/realsense_gazebo_plugin:/home/racc_man/turtlebot3_ws/install/realsense2_description:/home/racc_man/turtlebot3_ws/install/realsense2_camera:/home/racc_man/turtlebot3_ws/install/realsense2_camera_msgs:/home/racc_man/turtlebot3_ws/install/dynamixel_sdk_examples:/home/racc_man/turtlebot3_ws/install/dynamixel_sdk_custom_interfaces:/home/racc_man/turtlebot3_ws/install/dynamixel_sdk /usr/bin/cmake --install /home/racc_man/Monot/Monot_ROS2/build/monot_slam
[12.787s] Level 1:colcon.colcon_core.environment:checking '/home/racc_man/Monot/Monot_ROS2/install/monot_slam' for CMake module files
[12.787s] Level 1:colcon.colcon_core.environment:checking '/home/racc_man/Monot/Monot_ROS2/install/monot_slam' for CMake config files
[12.787s] Level 1:colcon.colcon_core.shell:create_environment_hook('monot_slam', 'cmake_prefix_path')
[12.787s] INFO:colcon.colcon_core.shell:Creating environment hook '/home/racc_man/Monot/Monot_ROS2/install/monot_slam/share/monot_slam/hook/cmake_prefix_path.ps1'
[12.788s] INFO:colcon.colcon_core.shell:Creating environment descriptor '/home/racc_man/Monot/Monot_ROS2/install/monot_slam/share/monot_slam/hook/cmake_prefix_path.dsv'
[12.788s] INFO:colcon.colcon_core.shell:Creating environment hook '/home/racc_man/Monot/Monot_ROS2/install/monot_slam/share/monot_slam/hook/cmake_prefix_path.sh'
[12.789s] Level 1:colcon.colcon_core.environment:checking '/home/racc_man/Monot/Monot_ROS2/install/monot_slam/lib'
[12.789s] Level 1:colcon.colcon_core.shell:create_environment_hook('monot_slam', 'ld_library_path_lib')
[12.789s] INFO:colcon.colcon_core.shell:Creating environment hook '/home/racc_man/Monot/Monot_ROS2/install/monot_slam/share/monot_slam/hook/ld_library_path_lib.ps1'
[12.789s] INFO:colcon.colcon_core.shell:Creating environment descriptor '/home/racc_man/Monot/Monot_ROS2/install/monot_slam/share/monot_slam/hook/ld_library_path_lib.dsv'
[12.789s] INFO:colcon.colcon_core.shell:Creating environment hook '/home/racc_man/Monot/Monot_ROS2/install/monot_slam/share/monot_slam/hook/ld_library_path_lib.sh'
[12.789s] Level 1:colcon.colcon_core.environment:checking '/home/racc_man/Monot/Monot_ROS2/install/monot_slam/bin'
[12.789s] Level 1:colcon.colcon_core.environment:checking '/home/racc_man/Monot/Monot_ROS2/install/monot_slam/lib/pkgconfig/monot_slam.pc'
[12.789s] Level 1:colcon.colcon_core.environment:checking '/home/racc_man/Monot/Monot_ROS2/install/monot_slam/lib/python3.10/site-packages'
[12.790s] Level 1:colcon.colcon_core.environment:checking '/home/racc_man/Monot/Monot_ROS2/install/monot_slam/bin'
[12.790s] INFO:colcon.colcon_core.shell:Creating package script '/home/racc_man/Monot/Monot_ROS2/install/monot_slam/share/monot_slam/package.ps1'
[12.790s] INFO:colcon.colcon_core.shell:Creating package descriptor '/home/racc_man/Monot/Monot_ROS2/install/monot_slam/share/monot_slam/package.dsv'
[12.790s] INFO:colcon.colcon_core.shell:Creating package script '/home/racc_man/Monot/Monot_ROS2/install/monot_slam/share/monot_slam/package.sh'
[12.791s] INFO:colcon.colcon_core.shell:Creating package script '/home/racc_man/Monot/Monot_ROS2/install/monot_slam/share/monot_slam/package.bash'
[12.791s] INFO:colcon.colcon_core.shell:Creating package script '/home/racc_man/Monot/Monot_ROS2/install/monot_slam/share/monot_slam/package.zsh'
[12.791s] Level 1:colcon.colcon_core.environment:create_file_with_runtime_dependencies(/home/racc_man/Monot/Monot_ROS2/install/monot_slam/share/colcon-core/packages/monot_slam)
[12.792s] Level 1:colcon.colcon_core.environment:create_environment_scripts_only(monot_slam)
[12.792s] Level 1:colcon.colcon_core.environment:checking '/home/racc_man/Monot/Monot_ROS2/install/monot_slam' for CMake module files
[12.792s] Level 1:colcon.colcon_core.environment:checking '/home/racc_man/Monot/Monot_ROS2/install/monot_slam' for CMake config files
[12.792s] Level 1:colcon.colcon_core.shell:create_environment_hook('monot_slam', 'cmake_prefix_path')
[12.792s] INFO:colcon.colcon_core.shell:Creating environment hook '/home/racc_man/Monot/Monot_ROS2/install/monot_slam/share/monot_slam/hook/cmake_prefix_path.ps1'
[12.793s] INFO:colcon.colcon_core.shell:Creating environment descriptor '/home/racc_man/Monot/Monot_ROS2/install/monot_slam/share/monot_slam/hook/cmake_prefix_path.dsv'
[12.793s] INFO:colcon.colcon_core.shell:Creating environment hook '/home/racc_man/Monot/Monot_ROS2/install/monot_slam/share/monot_slam/hook/cmake_prefix_path.sh'
[12.793s] Level 1:colcon.colcon_core.environment:checking '/home/racc_man/Monot/Monot_ROS2/install/monot_slam/lib'
[12.793s] Level 1:colcon.colcon_core.shell:create_environment_hook('monot_slam', 'ld_library_path_lib')
[12.793s] INFO:colcon.colcon_core.shell:Creating environment hook '/home/racc_man/Monot/Monot_ROS2/install/monot_slam/share/monot_slam/hook/ld_library_path_lib.ps1'
[12.793s] INFO:colcon.colcon_core.shell:Creating environment descriptor '/home/racc_man/Monot/Monot_ROS2/install/monot_slam/share/monot_slam/hook/ld_library_path_lib.dsv'
[12.794s] INFO:colcon.colcon_core.shell:Creating environment hook '/home/racc_man/Monot/Monot_ROS2/install/monot_slam/share/monot_slam/hook/ld_library_path_lib.sh'
[12.794s] Level 1:colcon.colcon_core.environment:checking '/home/racc_man/Monot/Monot_ROS2/install/monot_slam/bin'
[12.794s] Level 1:colcon.colcon_core.environment:checking '/home/racc_man/Monot/Monot_ROS2/install/monot_slam/lib/pkgconfig/monot_slam.pc'
[12.794s] Level 1:colcon.colcon_core.environment:checking '/home/racc_man/Monot/Monot_ROS2/install/monot_slam/lib/python3.10/site-packages'
[12.794s] Level 1:colcon.colcon_core.environment:checking '/home/racc_man/Monot/Monot_ROS2/install/monot_slam/bin'
[12.794s] INFO:colcon.colcon_core.shell:Creating package script '/home/racc_man/Monot/Monot_ROS2/install/monot_slam/share/monot_slam/package.ps1'
[12.794s] INFO:colcon.colcon_core.shell:Creating package descriptor '/home/racc_man/Monot/Monot_ROS2/install/monot_slam/share/monot_slam/package.dsv'
[12.795s] INFO:colcon.colcon_core.shell:Creating package script '/home/racc_man/Monot/Monot_ROS2/install/monot_slam/share/monot_slam/package.sh'
[12.795s] INFO:colcon.colcon_core.shell:Creating package script '/home/racc_man/Monot/Monot_ROS2/install/monot_slam/share/monot_slam/package.bash'
[12.795s] INFO:colcon.colcon_core.shell:Creating package script '/home/racc_man/Monot/Monot_ROS2/install/monot_slam/share/monot_slam/package.zsh'
[12.795s] Level 1:colcon.colcon_core.environment:create_file_with_runtime_dependencies(/home/racc_man/Monot/Monot_ROS2/install/monot_slam/share/colcon-core/packages/monot_slam)
[12.795s] DEBUG:colcon.colcon_parallel_executor.executor.parallel:closing loop
[12.796s] DEBUG:colcon.colcon_parallel_executor.executor.parallel:loop closed
[12.796s] DEBUG:colcon.colcon_parallel_executor.executor.parallel:run_until_complete finished with '0'
[12.796s] DEBUG:colcon.colcon_core.event_reactor:joining thread
[12.805s] INFO:colcon.colcon_core.plugin_system:Skipping extension 'colcon_notification.desktop_notification.notify_send': Could not find 'notify-send'
[12.805s] INFO:colcon.colcon_core.plugin_system:Skipping extension 'colcon_notification.desktop_notification.terminal_notifier': Not used on non-Darwin systems
[12.805s] INFO:colcon.colcon_core.plugin_system:Skipping extension 'colcon_notification.desktop_notification.win32': Not used on non-Windows systems
[12.805s] INFO:colcon.colcon_notification.desktop_notification:Sending desktop notification using 'notify2'
[12.805s] DEBUG:colcon.colcon_notification.desktop_notification.notify2:Failed to initialize notify2: org.freedesktop.DBus.Error.FileNotFound: Failed to connect to socket /run/user/1000/bus: No such file or directory
[12.805s] DEBUG:colcon.colcon_core.event_reactor:joined thread
[12.805s] INFO:colcon.colcon_core.shell:Creating prefix script '/home/racc_man/Monot/Monot_ROS2/install/local_setup.ps1'
[12.805s] INFO:colcon.colcon_core.shell:Creating prefix util module '/home/racc_man/Monot/Monot_ROS2/install/_local_setup_util_ps1.py'
[12.806s] INFO:colcon.colcon_core.shell:Creating prefix chain script '/home/racc_man/Monot/Monot_ROS2/install/setup.ps1'
[12.807s] INFO:colcon.colcon_core.shell:Creating prefix script '/home/racc_man/Monot/Monot_ROS2/install/local_setup.sh'
[12.807s] INFO:colcon.colcon_core.shell:Creating prefix util module '/home/racc_man/Monot/Monot_ROS2/install/_local_setup_util_sh.py'
[12.807s] INFO:colcon.colcon_core.shell:Creating prefix chain script '/home/racc_man/Monot/Monot_ROS2/install/setup.sh'
[12.808s] INFO:colcon.colcon_core.shell:Creating prefix script '/home/racc_man/Monot/Monot_ROS2/install/local_setup.bash'
[12.808s] INFO:colcon.colcon_core.shell:Creating prefix chain script '/home/racc_man/Monot/Monot_ROS2/install/setup.bash'
[12.809s] INFO:colcon.colcon_core.shell:Creating prefix script '/home/racc_man/Monot/Monot_ROS2/install/local_setup.zsh'
[12.809s] INFO:colcon.colcon_core.shell:Creating prefix chain script '/home/racc_man/Monot/Monot_ROS2/install/setup.zsh'
