-- The C compiler identification is GNU 11.4.0
-- The CXX compiler identification is GNU 11.4.0
-- Detecting C compiler ABI info
-- Detecting C compiler ABI info - done
-- Check for working C compiler: /usr/bin/cc - skipped
-- Detecting C compile features
-- Detecting C compile features - done
-- Detecting CXX compiler ABI info
-- Detecting CXX compiler ABI info - done
-- Check for working CXX compiler: /usr/bin/c++ - skipped
-- Detecting CXX compile features
-- Detecting CXX compile features - done
-- Found ament_cmake_auto: 1.3.11 (/opt/ros/humble/share/ament_cmake_auto/cmake)
-- Found Python3: /usr/bin/python3 (found version "3.10.12") found components: Interpreter 
-- Found rosidl_generator_c: 3.1.6 (/opt/ros/humble/share/rosidl_generator_c/cmake)
-- Found rosidl_adapter: 3.1.6 (/opt/ros/humble/share/rosidl_adapter/cmake)
-- Found rosidl_generator_cpp: 3.1.6 (/opt/ros/humble/share/rosidl_generator_cpp/cmake)
-- Using all available rosidl_typesupport_c: rosidl_typesupport_fastrtps_c;rosidl_typesupport_introspection_c
-- Using all available rosidl_typesupport_cpp: rosidl_typesupport_fastrtps_cpp;rosidl_typesupport_introspection_cpp
-- Found rmw_implementation_cmake: 6.1.2 (/opt/ros/humble/share/rmw_implementation_cmake/cmake)
-- Found rmw_fastrtps_cpp: 6.2.7 (/opt/ros/humble/share/rmw_fastrtps_cpp/cmake)
-- Found OpenSSL: /usr/lib/x86_64-linux-gnu/libcrypto.so (found version "3.0.2")  
-- Found FastRTPS: /opt/ros/humble/include  
-- Using RMW implementation 'rmw_fastrtps_cpp' as default
-- Looking for pthread.h
-- Looking for pthread.h - found
-- Performing Test CMAKE_HAVE_LIBC_PTHREAD
-- Performing Test CMAKE_HAVE_LIBC_PTHREAD - Success
-- Found Threads: TRUE  
-- Found OpenGL: /usr/lib/x86_64-linux-gnu/libOpenGL.so  found components: OpenGL 
-- Found ament_lint_auto: 0.12.11 (/opt/ros/humble/share/ament_lint_auto/cmake)
-- Added test 'copyright' to check source files copyright and LICENSE
-- Added test 'cppcheck' to perform static code analysis on C / C++ code
-- Configured cppcheck include dirs: /home/racc_man/Monot/Monot_ROS2/src/monot_slam/include
-- Configured cppcheck exclude dirs and/or files: 
-- Added test 'cpplint' to check C / C++ code against the Google style
-- Configured cpplint exclude dirs and/or files: 
-- Added test 'lint_cmake' to check CMake code style
-- Added test 'uncrustify' to check C / C++ code style
-- Configured uncrustify additional arguments: 
-- Added test 'xmllint' to check XML markup files
-- Configuring done
-- Generating done
-- Build files have been written to: /home/racc_man/Monot/Monot_ROS2/build/monot_slam
[ 50%] [32mBuilding CXX object CMakeFiles/monot_slam_node.dir/rclcpp_components/node_main_monot_slam_node.cpp.o[0m
[ 50%] [32mBuilding CXX object CMakeFiles/monot_slam.dir/src/monot_slam_node.cpp.o[0m
[ 75%] [32m[1mLinking CXX executable monot_slam_node[0m
[ 75%] Built target monot_slam_node
[100%] [32m[1mLinking CXX shared library libmonot_slam.so[0m
[100%] Built target monot_slam
-- Install configuration: ""
-- Installing: /home/racc_man/Monot/Monot_ROS2/install/monot_slam/lib/monot_slam/monot_slam_node
-- Installing: /home/racc_man/Monot/Monot_ROS2/install/monot_slam/include
-- Installing: /home/racc_man/Monot/Monot_ROS2/install/monot_slam/include/monot_slam
-- Installing: /home/racc_man/Monot/Monot_ROS2/install/monot_slam/include/monot_slam/monot_slam_node.hpp
-- Installing: /home/racc_man/Monot/Monot_ROS2/install/monot_slam/share/monot_slam/environment/library_path.sh
-- Installing: /home/racc_man/Monot/Monot_ROS2/install/monot_slam/share/monot_slam/environment/library_path.dsv
-- Installing: /home/racc_man/Monot/Monot_ROS2/install/monot_slam/lib/libmonot_slam.so
-- Set runtime path of "/home/racc_man/Monot/Monot_ROS2/install/monot_slam/lib/libmonot_slam.so" to ""
-- Installing: /home/racc_man/Monot/Monot_ROS2/install/monot_slam/share/ament_index/resource_index/package_run_dependencies/monot_slam
-- Installing: /home/racc_man/Monot/Monot_ROS2/install/monot_slam/share/ament_index/resource_index/parent_prefix_path/monot_slam
-- Installing: /home/racc_man/Monot/Monot_ROS2/install/monot_slam/share/monot_slam/environment/ament_prefix_path.sh
-- Installing: /home/racc_man/Monot/Monot_ROS2/install/monot_slam/share/monot_slam/environment/ament_prefix_path.dsv
-- Installing: /home/racc_man/Monot/Monot_ROS2/install/monot_slam/share/monot_slam/environment/path.sh
-- Installing: /home/racc_man/Monot/Monot_ROS2/install/monot_slam/share/monot_slam/environment/path.dsv
-- Installing: /home/racc_man/Monot/Monot_ROS2/install/monot_slam/share/monot_slam/local_setup.bash
-- Installing: /home/racc_man/Monot/Monot_ROS2/install/monot_slam/share/monot_slam/local_setup.sh
-- Installing: /home/racc_man/Monot/Monot_ROS2/install/monot_slam/share/monot_slam/local_setup.zsh
-- Installing: /home/racc_man/Monot/Monot_ROS2/install/monot_slam/share/monot_slam/local_setup.dsv
-- Installing: /home/racc_man/Monot/Monot_ROS2/install/monot_slam/share/monot_slam/package.dsv
-- Installing: /home/racc_man/Monot/Monot_ROS2/install/monot_slam/share/ament_index/resource_index/packages/monot_slam
-- Installing: /home/racc_man/Monot/Monot_ROS2/install/monot_slam/share/ament_index/resource_index/rclcpp_components/monot_slam
-- Installing: /home/racc_man/Monot/Monot_ROS2/install/monot_slam/share/monot_slam/cmake/ament_cmake_export_dependencies-extras.cmake
-- Installing: /home/racc_man/Monot/Monot_ROS2/install/monot_slam/share/monot_slam/cmake/ament_cmake_export_include_directories-extras.cmake
-- Installing: /home/racc_man/Monot/Monot_ROS2/install/monot_slam/share/monot_slam/cmake/ament_cmake_export_libraries-extras.cmake
-- Installing: /home/racc_man/Monot/Monot_ROS2/install/monot_slam/share/monot_slam/cmake/monot_slamConfig.cmake
-- Installing: /home/racc_man/Monot/Monot_ROS2/install/monot_slam/share/monot_slam/cmake/monot_slamConfig-version.cmake
-- Installing: /home/racc_man/Monot/Monot_ROS2/install/monot_slam/share/monot_slam/package.xml
