[0.007s] Invoking command in '/home/racc_man/Monot/Monot_ROS2/build/monot_slam': CMAKE_PREFIX_PATH=/home/racc_man/Monot/Monot_ROS2/install/monot_slam:/home/racc_man/turtlebot3_ws/install/turtlebot3:/home/racc_man/turtlebot3_ws/install/turtlebot3_simulations:/home/racc_man/turtlebot3_ws/install/turtlebot3_bringup:/home/racc_man/turtlebot3_ws/install/turtlebot3_node:/home/racc_man/turtlebot3_ws/install/turtlebot3_navigation2:/home/racc_man/turtlebot3_ws/install/turtlebot3_fake_node:/home/racc_man/turtlebot3_ws/install/turtlebot3_msgs:/home/racc_man/turtlebot3_ws/install/turtlebot3_gazebo:/home/racc_man/turtlebot3_ws/install/turtlebot3_description:/home/racc_man/turtlebot3_ws/install/turtlebot3_cartographer:/home/racc_man/turtlebot3_ws/install/turtlebot3_teleop:/home/racc_man/turtlebot3_ws/install/turtlebot3_example:/opt/ros/humble:/home/racc_man/turtlebot3_ws/install/realsense_gazebo_plugin:/home/racc_man/turtlebot3_ws/install/realsense2_description:/home/racc_man/turtlebot3_ws/install/realsense2_camera:/home/racc_man/turtlebot3_ws/install/realsense2_camera_msgs:/home/racc_man/turtlebot3_ws/install/dynamixel_sdk_examples:/home/racc_man/turtlebot3_ws/install/dynamixel_sdk_custom_interfaces:/home/racc_man/turtlebot3_ws/install/dynamixel_sdk /usr/bin/cmake /home/racc_man/Monot/Monot_ROS2/src/monot_slam -DCMAKE_INSTALL_PREFIX=/home/racc_man/Monot/Monot_ROS2/install/monot_slam
[0.091s] -- The C compiler identification is GNU 11.4.0
[0.223s] -- The CXX compiler identification is GNU 11.4.0
[0.286s] -- Detecting C compiler ABI info
[0.340s] -- Detecting C compiler ABI info - done
[0.343s] -- Check for working C compiler: /usr/bin/cc - skipped
[0.344s] -- Detecting C compile features
[0.344s] -- Detecting C compile features - done
[0.346s] -- Detecting CXX compiler ABI info
[0.404s] -- Detecting CXX compiler ABI info - done
[0.407s] -- Check for working CXX compiler: /usr/bin/c++ - skipped
[0.408s] -- Detecting CXX compile features
[0.408s] -- Detecting CXX compile features - done
[0.415s] -- Found ament_cmake_auto: 1.3.11 (/opt/ros/humble/share/ament_cmake_auto/cmake)
[0.503s] -- Found Python3: /usr/bin/python3 (found version "3.10.12") found components: Interpreter 
[0.667s] -- Found rosidl_generator_c: 3.1.6 (/opt/ros/humble/share/rosidl_generator_c/cmake)
[0.672s] -- Found rosidl_adapter: 3.1.6 (/opt/ros/humble/share/rosidl_adapter/cmake)
[0.679s] -- Found rosidl_generator_cpp: 3.1.6 (/opt/ros/humble/share/rosidl_generator_cpp/cmake)
[0.689s] -- Using all available rosidl_typesupport_c: rosidl_typesupport_fastrtps_c;rosidl_typesupport_introspection_c
[0.702s] -- Using all available rosidl_typesupport_cpp: rosidl_typesupport_fastrtps_cpp;rosidl_typesupport_introspection_cpp
[0.739s] -- Found rmw_implementation_cmake: 6.1.2 (/opt/ros/humble/share/rmw_implementation_cmake/cmake)
[0.743s] -- Found rmw_fastrtps_cpp: 6.2.7 (/opt/ros/humble/share/rmw_fastrtps_cpp/cmake)
[1.058s] -- Found OpenSSL: /usr/lib/x86_64-linux-gnu/libcrypto.so (found version "3.0.2")  
[1.354s] -- Found FastRTPS: /opt/ros/humble/include  
[1.884s] -- Using RMW implementation 'rmw_fastrtps_cpp' as default
[1.892s] -- Looking for pthread.h
[1.953s] -- Looking for pthread.h - found
[1.953s] -- Performing Test CMAKE_HAVE_LIBC_PTHREAD
[2.004s] -- Performing Test CMAKE_HAVE_LIBC_PTHREAD - Success
[2.004s] -- Found Threads: TRUE  
[2.194s] -- Found OpenGL: /usr/lib/x86_64-linux-gnu/libOpenGL.so  found components: OpenGL 
[2.199s] -- Found ament_lint_auto: 0.12.11 (/opt/ros/humble/share/ament_lint_auto/cmake)
[2.218s] -- Added test 'copyright' to check source files copyright and LICENSE
[2.219s] -- Added test 'cppcheck' to perform static code analysis on C / C++ code
[2.219s] -- Configured cppcheck include dirs: /home/racc_man/Monot/Monot_ROS2/src/monot_slam/include
[2.219s] -- Configured cppcheck exclude dirs and/or files: 
[2.220s] -- Added test 'cpplint' to check C / C++ code against the Google style
[2.220s] -- Configured cpplint exclude dirs and/or files: 
[2.221s] -- Added test 'lint_cmake' to check CMake code style
[2.221s] -- Added test 'uncrustify' to check C / C++ code style
[2.222s] -- Configured uncrustify additional arguments: 
[2.222s] -- Added test 'xmllint' to check XML markup files
[2.225s] -- Configuring done
[2.238s] -- Generating done
[2.241s] -- Build files have been written to: /home/racc_man/Monot/Monot_ROS2/build/monot_slam
[2.247s] Invoked command in '/home/racc_man/Monot/Monot_ROS2/build/monot_slam' returned '0': CMAKE_PREFIX_PATH=/home/racc_man/Monot/Monot_ROS2/install/monot_slam:/home/racc_man/turtlebot3_ws/install/turtlebot3:/home/racc_man/turtlebot3_ws/install/turtlebot3_simulations:/home/racc_man/turtlebot3_ws/install/turtlebot3_bringup:/home/racc_man/turtlebot3_ws/install/turtlebot3_node:/home/racc_man/turtlebot3_ws/install/turtlebot3_navigation2:/home/racc_man/turtlebot3_ws/install/turtlebot3_fake_node:/home/racc_man/turtlebot3_ws/install/turtlebot3_msgs:/home/racc_man/turtlebot3_ws/install/turtlebot3_gazebo:/home/racc_man/turtlebot3_ws/install/turtlebot3_description:/home/racc_man/turtlebot3_ws/install/turtlebot3_cartographer:/home/racc_man/turtlebot3_ws/install/turtlebot3_teleop:/home/racc_man/turtlebot3_ws/install/turtlebot3_example:/opt/ros/humble:/home/racc_man/turtlebot3_ws/install/realsense_gazebo_plugin:/home/racc_man/turtlebot3_ws/install/realsense2_description:/home/racc_man/turtlebot3_ws/install/realsense2_camera:/home/racc_man/turtlebot3_ws/install/realsense2_camera_msgs:/home/racc_man/turtlebot3_ws/install/dynamixel_sdk_examples:/home/racc_man/turtlebot3_ws/install/dynamixel_sdk_custom_interfaces:/home/racc_man/turtlebot3_ws/install/dynamixel_sdk /usr/bin/cmake /home/racc_man/Monot/Monot_ROS2/src/monot_slam -DCMAKE_INSTALL_PREFIX=/home/racc_man/Monot/Monot_ROS2/install/monot_slam
[2.249s] Invoking command in '/home/racc_man/Monot/Monot_ROS2/build/monot_slam': CMAKE_PREFIX_PATH=/home/racc_man/Monot/Monot_ROS2/install/monot_slam:/home/racc_man/turtlebot3_ws/install/turtlebot3:/home/racc_man/turtlebot3_ws/install/turtlebot3_simulations:/home/racc_man/turtlebot3_ws/install/turtlebot3_bringup:/home/racc_man/turtlebot3_ws/install/turtlebot3_node:/home/racc_man/turtlebot3_ws/install/turtlebot3_navigation2:/home/racc_man/turtlebot3_ws/install/turtlebot3_fake_node:/home/racc_man/turtlebot3_ws/install/turtlebot3_msgs:/home/racc_man/turtlebot3_ws/install/turtlebot3_gazebo:/home/racc_man/turtlebot3_ws/install/turtlebot3_description:/home/racc_man/turtlebot3_ws/install/turtlebot3_cartographer:/home/racc_man/turtlebot3_ws/install/turtlebot3_teleop:/home/racc_man/turtlebot3_ws/install/turtlebot3_example:/opt/ros/humble:/home/racc_man/turtlebot3_ws/install/realsense_gazebo_plugin:/home/racc_man/turtlebot3_ws/install/realsense2_description:/home/racc_man/turtlebot3_ws/install/realsense2_camera:/home/racc_man/turtlebot3_ws/install/realsense2_camera_msgs:/home/racc_man/turtlebot3_ws/install/dynamixel_sdk_examples:/home/racc_man/turtlebot3_ws/install/dynamixel_sdk_custom_interfaces:/home/racc_man/turtlebot3_ws/install/dynamixel_sdk /usr/bin/cmake --build /home/racc_man/Monot/Monot_ROS2/build/monot_slam -- -j20 -l20
[2.275s] [ 50%] [32mBuilding CXX object CMakeFiles/monot_slam_node.dir/rclcpp_components/node_main_monot_slam_node.cpp.o[0m
[2.275s] [ 50%] [32mBuilding CXX object CMakeFiles/monot_slam.dir/src/monot_slam_node.cpp.o[0m
[3.972s] [ 75%] [32m[1mLinking CXX executable monot_slam_node[0m
[4.063s] [ 75%] Built target monot_slam_node
[12.179s] [100%] [32m[1mLinking CXX shared library libmonot_slam.so[0m
[12.532s] [100%] Built target monot_slam
[12.538s] Invoked command in '/home/racc_man/Monot/Monot_ROS2/build/monot_slam' returned '0': CMAKE_PREFIX_PATH=/home/racc_man/Monot/Monot_ROS2/install/monot_slam:/home/racc_man/turtlebot3_ws/install/turtlebot3:/home/racc_man/turtlebot3_ws/install/turtlebot3_simulations:/home/racc_man/turtlebot3_ws/install/turtlebot3_bringup:/home/racc_man/turtlebot3_ws/install/turtlebot3_node:/home/racc_man/turtlebot3_ws/install/turtlebot3_navigation2:/home/racc_man/turtlebot3_ws/install/turtlebot3_fake_node:/home/racc_man/turtlebot3_ws/install/turtlebot3_msgs:/home/racc_man/turtlebot3_ws/install/turtlebot3_gazebo:/home/racc_man/turtlebot3_ws/install/turtlebot3_description:/home/racc_man/turtlebot3_ws/install/turtlebot3_cartographer:/home/racc_man/turtlebot3_ws/install/turtlebot3_teleop:/home/racc_man/turtlebot3_ws/install/turtlebot3_example:/opt/ros/humble:/home/racc_man/turtlebot3_ws/install/realsense_gazebo_plugin:/home/racc_man/turtlebot3_ws/install/realsense2_description:/home/racc_man/turtlebot3_ws/install/realsense2_camera:/home/racc_man/turtlebot3_ws/install/realsense2_camera_msgs:/home/racc_man/turtlebot3_ws/install/dynamixel_sdk_examples:/home/racc_man/turtlebot3_ws/install/dynamixel_sdk_custom_interfaces:/home/racc_man/turtlebot3_ws/install/dynamixel_sdk /usr/bin/cmake --build /home/racc_man/Monot/Monot_ROS2/build/monot_slam -- -j20 -l20
[12.544s] Invoking command in '/home/racc_man/Monot/Monot_ROS2/build/monot_slam': CMAKE_PREFIX_PATH=/home/racc_man/Monot/Monot_ROS2/install/monot_slam:/home/racc_man/turtlebot3_ws/install/turtlebot3:/home/racc_man/turtlebot3_ws/install/turtlebot3_simulations:/home/racc_man/turtlebot3_ws/install/turtlebot3_bringup:/home/racc_man/turtlebot3_ws/install/turtlebot3_node:/home/racc_man/turtlebot3_ws/install/turtlebot3_navigation2:/home/racc_man/turtlebot3_ws/install/turtlebot3_fake_node:/home/racc_man/turtlebot3_ws/install/turtlebot3_msgs:/home/racc_man/turtlebot3_ws/install/turtlebot3_gazebo:/home/racc_man/turtlebot3_ws/install/turtlebot3_description:/home/racc_man/turtlebot3_ws/install/turtlebot3_cartographer:/home/racc_man/turtlebot3_ws/install/turtlebot3_teleop:/home/racc_man/turtlebot3_ws/install/turtlebot3_example:/opt/ros/humble:/home/racc_man/turtlebot3_ws/install/realsense_gazebo_plugin:/home/racc_man/turtlebot3_ws/install/realsense2_description:/home/racc_man/turtlebot3_ws/install/realsense2_camera:/home/racc_man/turtlebot3_ws/install/realsense2_camera_msgs:/home/racc_man/turtlebot3_ws/install/dynamixel_sdk_examples:/home/racc_man/turtlebot3_ws/install/dynamixel_sdk_custom_interfaces:/home/racc_man/turtlebot3_ws/install/dynamixel_sdk /usr/bin/cmake --install /home/racc_man/Monot/Monot_ROS2/build/monot_slam
[12.548s] -- Install configuration: ""
[12.548s] -- Installing: /home/racc_man/Monot/Monot_ROS2/install/monot_slam/lib/monot_slam/monot_slam_node
[12.548s] -- Installing: /home/racc_man/Monot/Monot_ROS2/install/monot_slam/include
[12.548s] -- Installing: /home/racc_man/Monot/Monot_ROS2/install/monot_slam/include/monot_slam
[12.548s] -- Installing: /home/racc_man/Monot/Monot_ROS2/install/monot_slam/include/monot_slam/monot_slam_node.hpp
[12.549s] -- Installing: /home/racc_man/Monot/Monot_ROS2/install/monot_slam/share/monot_slam/environment/library_path.sh
[12.549s] -- Installing: /home/racc_man/Monot/Monot_ROS2/install/monot_slam/share/monot_slam/environment/library_path.dsv
[12.549s] -- Installing: /home/racc_man/Monot/Monot_ROS2/install/monot_slam/lib/libmonot_slam.so
[12.552s] -- Set runtime path of "/home/racc_man/Monot/Monot_ROS2/install/monot_slam/lib/libmonot_slam.so" to ""
[12.552s] -- Installing: /home/racc_man/Monot/Monot_ROS2/install/monot_slam/share/ament_index/resource_index/package_run_dependencies/monot_slam
[12.552s] -- Installing: /home/racc_man/Monot/Monot_ROS2/install/monot_slam/share/ament_index/resource_index/parent_prefix_path/monot_slam
[12.552s] -- Installing: /home/racc_man/Monot/Monot_ROS2/install/monot_slam/share/monot_slam/environment/ament_prefix_path.sh
[12.552s] -- Installing: /home/racc_man/Monot/Monot_ROS2/install/monot_slam/share/monot_slam/environment/ament_prefix_path.dsv
[12.552s] -- Installing: /home/racc_man/Monot/Monot_ROS2/install/monot_slam/share/monot_slam/environment/path.sh
[12.552s] -- Installing: /home/racc_man/Monot/Monot_ROS2/install/monot_slam/share/monot_slam/environment/path.dsv
[12.552s] -- Installing: /home/racc_man/Monot/Monot_ROS2/install/monot_slam/share/monot_slam/local_setup.bash
[12.553s] -- Installing: /home/racc_man/Monot/Monot_ROS2/install/monot_slam/share/monot_slam/local_setup.sh
[12.553s] -- Installing: /home/racc_man/Monot/Monot_ROS2/install/monot_slam/share/monot_slam/local_setup.zsh
[12.553s] -- Installing: /home/racc_man/Monot/Monot_ROS2/install/monot_slam/share/monot_slam/local_setup.dsv
[12.553s] -- Installing: /home/racc_man/Monot/Monot_ROS2/install/monot_slam/share/monot_slam/package.dsv
[12.553s] -- Installing: /home/racc_man/Monot/Monot_ROS2/install/monot_slam/share/ament_index/resource_index/packages/monot_slam
[12.553s] -- Installing: /home/racc_man/Monot/Monot_ROS2/install/monot_slam/share/ament_index/resource_index/rclcpp_components/monot_slam
[12.553s] -- Installing: /home/racc_man/Monot/Monot_ROS2/install/monot_slam/share/monot_slam/cmake/ament_cmake_export_dependencies-extras.cmake
[12.553s] -- Installing: /home/racc_man/Monot/Monot_ROS2/install/monot_slam/share/monot_slam/cmake/ament_cmake_export_include_directories-extras.cmake
[12.554s] -- Installing: /home/racc_man/Monot/Monot_ROS2/install/monot_slam/share/monot_slam/cmake/ament_cmake_export_libraries-extras.cmake
[12.554s] -- Installing: /home/racc_man/Monot/Monot_ROS2/install/monot_slam/share/monot_slam/cmake/monot_slamConfig.cmake
[12.554s] -- Installing: /home/racc_man/Monot/Monot_ROS2/install/monot_slam/share/monot_slam/cmake/monot_slamConfig-version.cmake
[12.554s] -- Installing: /home/racc_man/Monot/Monot_ROS2/install/monot_slam/share/monot_slam/package.xml
[12.555s] Invoked command in '/home/racc_man/Monot/Monot_ROS2/build/monot_slam' returned '0': CMAKE_PREFIX_PATH=/home/racc_man/Monot/Monot_ROS2/install/monot_slam:/home/racc_man/turtlebot3_ws/install/turtlebot3:/home/racc_man/turtlebot3_ws/install/turtlebot3_simulations:/home/racc_man/turtlebot3_ws/install/turtlebot3_bringup:/home/racc_man/turtlebot3_ws/install/turtlebot3_node:/home/racc_man/turtlebot3_ws/install/turtlebot3_navigation2:/home/racc_man/turtlebot3_ws/install/turtlebot3_fake_node:/home/racc_man/turtlebot3_ws/install/turtlebot3_msgs:/home/racc_man/turtlebot3_ws/install/turtlebot3_gazebo:/home/racc_man/turtlebot3_ws/install/turtlebot3_description:/home/racc_man/turtlebot3_ws/install/turtlebot3_cartographer:/home/racc_man/turtlebot3_ws/install/turtlebot3_teleop:/home/racc_man/turtlebot3_ws/install/turtlebot3_example:/opt/ros/humble:/home/racc_man/turtlebot3_ws/install/realsense_gazebo_plugin:/home/racc_man/turtlebot3_ws/install/realsense2_description:/home/racc_man/turtlebot3_ws/install/realsense2_camera:/home/racc_man/turtlebot3_ws/install/realsense2_camera_msgs:/home/racc_man/turtlebot3_ws/install/dynamixel_sdk_examples:/home/racc_man/turtlebot3_ws/install/dynamixel_sdk_custom_interfaces:/home/racc_man/turtlebot3_ws/install/dynamixel_sdk /usr/bin/cmake --install /home/racc_man/Monot/Monot_ROS2/build/monot_slam
