[0.010s] Invoking command in '/home/racc_man/Monot/Monot_ROS2/build/monot_esp': CMAKE_PREFIX_PATH=/home/racc_man/Monot/Monot_ROS2/install/monot_slam:/home/racc_man/Monot/Monot_ROS2/install/monot_esp:/home/racc_man/turtlebot3_ws/install/turtlebot3:/home/racc_man/turtlebot3_ws/install/turtlebot3_simulations:/home/racc_man/turtlebot3_ws/install/turtlebot3_bringup:/home/racc_man/turtlebot3_ws/install/turtlebot3_node:/home/racc_man/turtlebot3_ws/install/turtlebot3_navigation2:/home/racc_man/turtlebot3_ws/install/turtlebot3_fake_node:/home/racc_man/turtlebot3_ws/install/turtlebot3_msgs:/home/racc_man/turtlebot3_ws/install/turtlebot3_gazebo:/home/racc_man/turtlebot3_ws/install/turtlebot3_description:/home/racc_man/turtlebot3_ws/install/turtlebot3_cartographer:/home/racc_man/turtlebot3_ws/install/turtlebot3_teleop:/home/racc_man/turtlebot3_ws/install/turtlebot3_example:/opt/ros/humble:/home/racc_man/turtlebot3_ws/install/realsense_gazebo_plugin:/home/racc_man/turtlebot3_ws/install/realsense2_description:/home/racc_man/turtlebot3_ws/install/realsense2_camera:/home/racc_man/turtlebot3_ws/install/realsense2_camera_msgs:/home/racc_man/turtlebot3_ws/install/dynamixel_sdk_examples:/home/racc_man/turtlebot3_ws/install/dynamixel_sdk_custom_interfaces:/home/racc_man/turtlebot3_ws/install/dynamixel_sdk /usr/bin/cmake /home/racc_man/Monot/Monot_ROS2/src/monot_esp -DCMAKE_INSTALL_PREFIX=/home/racc_man/Monot/Monot_ROS2/install/monot_esp
[0.054s] -- The C compiler identification is GNU 11.4.0
[0.162s] -- The CXX compiler identification is GNU 11.4.0
[0.242s] -- Detecting C compiler ABI info
[0.293s] -- Detecting C compiler ABI info - done
[0.297s] -- Check for working C compiler: /usr/bin/cc - skipped
[0.297s] -- Detecting C compile features
[0.297s] -- Detecting C compile features - done
[0.298s] -- Detecting CXX compiler ABI info
[0.350s] -- Detecting CXX compiler ABI info - done
[0.354s] -- Check for working CXX compiler: /usr/bin/c++ - skipped
[0.354s] -- Detecting CXX compile features
[0.354s] -- Detecting CXX compile features - done
[0.356s] -- Found ament_cmake_auto: 1.3.11 (/opt/ros/humble/share/ament_cmake_auto/cmake)
[0.437s] -- Found Python3: /usr/bin/python3 (found version "3.10.12") found components: Interpreter 
[0.590s] -- Found rosidl_generator_c: 3.1.6 (/opt/ros/humble/share/rosidl_generator_c/cmake)
[0.593s] -- Found rosidl_adapter: 3.1.6 (/opt/ros/humble/share/rosidl_adapter/cmake)
[0.597s] -- Found rosidl_generator_cpp: 3.1.6 (/opt/ros/humble/share/rosidl_generator_cpp/cmake)
[0.604s] -- Using all available rosidl_typesupport_c: rosidl_typesupport_fastrtps_c;rosidl_typesupport_introspection_c
[0.613s] -- Using all available rosidl_typesupport_cpp: rosidl_typesupport_fastrtps_cpp;rosidl_typesupport_introspection_cpp
[0.638s] -- Found rmw_implementation_cmake: 6.1.2 (/opt/ros/humble/share/rmw_implementation_cmake/cmake)
[0.640s] -- Found rmw_fastrtps_cpp: 6.2.7 (/opt/ros/humble/share/rmw_fastrtps_cpp/cmake)
[0.875s] -- Found OpenSSL: /usr/lib/x86_64-linux-gnu/libcrypto.so (found version "3.0.2")  
[1.100s] -- Found FastRTPS: /opt/ros/humble/include  
[1.531s] -- Using RMW implementation 'rmw_fastrtps_cpp' as default
[1.537s] -- Looking for pthread.h
[1.585s] -- Looking for pthread.h - found
[1.585s] -- Performing Test CMAKE_HAVE_LIBC_PTHREAD
[1.634s] -- Performing Test CMAKE_HAVE_LIBC_PTHREAD - Success
[1.635s] -- Found Threads: TRUE  
[1.702s] -- Found OpenCV: /usr (found version "4.5.4") 
[1.706s] -- Found ament_lint_auto: 0.12.11 (/opt/ros/humble/share/ament_lint_auto/cmake)
[1.719s] -- Added test 'copyright' to check source files copyright and LICENSE
[1.720s] -- Added test 'cppcheck' to perform static code analysis on C / C++ code
[1.720s] -- Configured cppcheck include dirs: /home/racc_man/Monot/Monot_ROS2/src/monot_esp/include
[1.720s] -- Configured cppcheck exclude dirs and/or files: 
[1.720s] -- Added test 'cpplint' to check C / C++ code against the Google style
[1.720s] -- Configured cpplint exclude dirs and/or files: 
[1.721s] -- Added test 'lint_cmake' to check CMake code style
[1.721s] -- Added test 'uncrustify' to check C / C++ code style
[1.721s] -- Configured uncrustify additional arguments: 
[1.722s] -- Added test 'xmllint' to check XML markup files
[1.723s] -- Configuring done
[1.733s] -- Generating done
[1.736s] -- Build files have been written to: /home/racc_man/Monot/Monot_ROS2/build/monot_esp
[1.742s] Invoked command in '/home/racc_man/Monot/Monot_ROS2/build/monot_esp' returned '0': CMAKE_PREFIX_PATH=/home/racc_man/Monot/Monot_ROS2/install/monot_slam:/home/racc_man/Monot/Monot_ROS2/install/monot_esp:/home/racc_man/turtlebot3_ws/install/turtlebot3:/home/racc_man/turtlebot3_ws/install/turtlebot3_simulations:/home/racc_man/turtlebot3_ws/install/turtlebot3_bringup:/home/racc_man/turtlebot3_ws/install/turtlebot3_node:/home/racc_man/turtlebot3_ws/install/turtlebot3_navigation2:/home/racc_man/turtlebot3_ws/install/turtlebot3_fake_node:/home/racc_man/turtlebot3_ws/install/turtlebot3_msgs:/home/racc_man/turtlebot3_ws/install/turtlebot3_gazebo:/home/racc_man/turtlebot3_ws/install/turtlebot3_description:/home/racc_man/turtlebot3_ws/install/turtlebot3_cartographer:/home/racc_man/turtlebot3_ws/install/turtlebot3_teleop:/home/racc_man/turtlebot3_ws/install/turtlebot3_example:/opt/ros/humble:/home/racc_man/turtlebot3_ws/install/realsense_gazebo_plugin:/home/racc_man/turtlebot3_ws/install/realsense2_description:/home/racc_man/turtlebot3_ws/install/realsense2_camera:/home/racc_man/turtlebot3_ws/install/realsense2_camera_msgs:/home/racc_man/turtlebot3_ws/install/dynamixel_sdk_examples:/home/racc_man/turtlebot3_ws/install/dynamixel_sdk_custom_interfaces:/home/racc_man/turtlebot3_ws/install/dynamixel_sdk /usr/bin/cmake /home/racc_man/Monot/Monot_ROS2/src/monot_esp -DCMAKE_INSTALL_PREFIX=/home/racc_man/Monot/Monot_ROS2/install/monot_esp
[1.744s] Invoking command in '/home/racc_man/Monot/Monot_ROS2/build/monot_esp': CMAKE_PREFIX_PATH=/home/racc_man/Monot/Monot_ROS2/install/monot_slam:/home/racc_man/Monot/Monot_ROS2/install/monot_esp:/home/racc_man/turtlebot3_ws/install/turtlebot3:/home/racc_man/turtlebot3_ws/install/turtlebot3_simulations:/home/racc_man/turtlebot3_ws/install/turtlebot3_bringup:/home/racc_man/turtlebot3_ws/install/turtlebot3_node:/home/racc_man/turtlebot3_ws/install/turtlebot3_navigation2:/home/racc_man/turtlebot3_ws/install/turtlebot3_fake_node:/home/racc_man/turtlebot3_ws/install/turtlebot3_msgs:/home/racc_man/turtlebot3_ws/install/turtlebot3_gazebo:/home/racc_man/turtlebot3_ws/install/turtlebot3_description:/home/racc_man/turtlebot3_ws/install/turtlebot3_cartographer:/home/racc_man/turtlebot3_ws/install/turtlebot3_teleop:/home/racc_man/turtlebot3_ws/install/turtlebot3_example:/opt/ros/humble:/home/racc_man/turtlebot3_ws/install/realsense_gazebo_plugin:/home/racc_man/turtlebot3_ws/install/realsense2_description:/home/racc_man/turtlebot3_ws/install/realsense2_camera:/home/racc_man/turtlebot3_ws/install/realsense2_camera_msgs:/home/racc_man/turtlebot3_ws/install/dynamixel_sdk_examples:/home/racc_man/turtlebot3_ws/install/dynamixel_sdk_custom_interfaces:/home/racc_man/turtlebot3_ws/install/dynamixel_sdk /usr/bin/cmake --build /home/racc_man/Monot/Monot_ROS2/build/monot_esp -- -j20 -l20
[1.771s] [ 50%] [32mBuilding CXX object CMakeFiles/cam_capture_node.dir/rclcpp_components/node_main_cam_capture_node.cpp.o[0m
[1.771s] [ 50%] [32mBuilding CXX object CMakeFiles/monot_esp.dir/src/cam_capture_node.cpp.o[0m
[3.628s] [ 75%] [32m[1mLinking CXX executable cam_capture_node[0m
[3.714s] [ 75%] Built target cam_capture_node
[5.093s] [100%] [32m[1mLinking CXX shared library libmonot_esp.so[0m
[5.253s] [100%] Built target monot_esp
[5.260s] Invoked command in '/home/racc_man/Monot/Monot_ROS2/build/monot_esp' returned '0': CMAKE_PREFIX_PATH=/home/racc_man/Monot/Monot_ROS2/install/monot_slam:/home/racc_man/Monot/Monot_ROS2/install/monot_esp:/home/racc_man/turtlebot3_ws/install/turtlebot3:/home/racc_man/turtlebot3_ws/install/turtlebot3_simulations:/home/racc_man/turtlebot3_ws/install/turtlebot3_bringup:/home/racc_man/turtlebot3_ws/install/turtlebot3_node:/home/racc_man/turtlebot3_ws/install/turtlebot3_navigation2:/home/racc_man/turtlebot3_ws/install/turtlebot3_fake_node:/home/racc_man/turtlebot3_ws/install/turtlebot3_msgs:/home/racc_man/turtlebot3_ws/install/turtlebot3_gazebo:/home/racc_man/turtlebot3_ws/install/turtlebot3_description:/home/racc_man/turtlebot3_ws/install/turtlebot3_cartographer:/home/racc_man/turtlebot3_ws/install/turtlebot3_teleop:/home/racc_man/turtlebot3_ws/install/turtlebot3_example:/opt/ros/humble:/home/racc_man/turtlebot3_ws/install/realsense_gazebo_plugin:/home/racc_man/turtlebot3_ws/install/realsense2_description:/home/racc_man/turtlebot3_ws/install/realsense2_camera:/home/racc_man/turtlebot3_ws/install/realsense2_camera_msgs:/home/racc_man/turtlebot3_ws/install/dynamixel_sdk_examples:/home/racc_man/turtlebot3_ws/install/dynamixel_sdk_custom_interfaces:/home/racc_man/turtlebot3_ws/install/dynamixel_sdk /usr/bin/cmake --build /home/racc_man/Monot/Monot_ROS2/build/monot_esp -- -j20 -l20
[5.266s] Invoking command in '/home/racc_man/Monot/Monot_ROS2/build/monot_esp': CMAKE_PREFIX_PATH=/home/racc_man/Monot/Monot_ROS2/install/monot_slam:/home/racc_man/Monot/Monot_ROS2/install/monot_esp:/home/racc_man/turtlebot3_ws/install/turtlebot3:/home/racc_man/turtlebot3_ws/install/turtlebot3_simulations:/home/racc_man/turtlebot3_ws/install/turtlebot3_bringup:/home/racc_man/turtlebot3_ws/install/turtlebot3_node:/home/racc_man/turtlebot3_ws/install/turtlebot3_navigation2:/home/racc_man/turtlebot3_ws/install/turtlebot3_fake_node:/home/racc_man/turtlebot3_ws/install/turtlebot3_msgs:/home/racc_man/turtlebot3_ws/install/turtlebot3_gazebo:/home/racc_man/turtlebot3_ws/install/turtlebot3_description:/home/racc_man/turtlebot3_ws/install/turtlebot3_cartographer:/home/racc_man/turtlebot3_ws/install/turtlebot3_teleop:/home/racc_man/turtlebot3_ws/install/turtlebot3_example:/opt/ros/humble:/home/racc_man/turtlebot3_ws/install/realsense_gazebo_plugin:/home/racc_man/turtlebot3_ws/install/realsense2_description:/home/racc_man/turtlebot3_ws/install/realsense2_camera:/home/racc_man/turtlebot3_ws/install/realsense2_camera_msgs:/home/racc_man/turtlebot3_ws/install/dynamixel_sdk_examples:/home/racc_man/turtlebot3_ws/install/dynamixel_sdk_custom_interfaces:/home/racc_man/turtlebot3_ws/install/dynamixel_sdk /usr/bin/cmake --install /home/racc_man/Monot/Monot_ROS2/build/monot_esp
[5.270s] -- Install configuration: ""
[5.270s] -- Installing: /home/racc_man/Monot/Monot_ROS2/install/monot_esp/lib/monot_esp/cam_capture_node
[5.270s] -- Set runtime path of "/home/racc_man/Monot/Monot_ROS2/install/monot_esp/lib/monot_esp/cam_capture_node" to ""
[5.270s] -- Installing: /home/racc_man/Monot/Monot_ROS2/install/monot_esp/include
[5.271s] -- Installing: /home/racc_man/Monot/Monot_ROS2/install/monot_esp/include/monot_esp
[5.271s] -- Installing: /home/racc_man/Monot/Monot_ROS2/install/monot_esp/include/monot_esp/cam_capture_node.hpp
[5.271s] -- Installing: /home/racc_man/Monot/Monot_ROS2/install/monot_esp/share/monot_esp/environment/library_path.sh
[5.271s] -- Installing: /home/racc_man/Monot/Monot_ROS2/install/monot_esp/share/monot_esp/environment/library_path.dsv
[5.271s] -- Installing: /home/racc_man/Monot/Monot_ROS2/install/monot_esp/lib/libmonot_esp.so
[5.272s] -- Set runtime path of "/home/racc_man/Monot/Monot_ROS2/install/monot_esp/lib/libmonot_esp.so" to ""
[5.272s] -- Installing: /home/racc_man/Monot/Monot_ROS2/install/monot_esp/share/ament_index/resource_index/package_run_dependencies/monot_esp
[5.273s] -- Installing: /home/racc_man/Monot/Monot_ROS2/install/monot_esp/share/ament_index/resource_index/parent_prefix_path/monot_esp
[5.273s] -- Installing: /home/racc_man/Monot/Monot_ROS2/install/monot_esp/share/monot_esp/environment/ament_prefix_path.sh
[5.273s] -- Installing: /home/racc_man/Monot/Monot_ROS2/install/monot_esp/share/monot_esp/environment/ament_prefix_path.dsv
[5.273s] -- Installing: /home/racc_man/Monot/Monot_ROS2/install/monot_esp/share/monot_esp/environment/path.sh
[5.273s] -- Installing: /home/racc_man/Monot/Monot_ROS2/install/monot_esp/share/monot_esp/environment/path.dsv
[5.273s] -- Installing: /home/racc_man/Monot/Monot_ROS2/install/monot_esp/share/monot_esp/local_setup.bash
[5.273s] -- Installing: /home/racc_man/Monot/Monot_ROS2/install/monot_esp/share/monot_esp/local_setup.sh
[5.273s] -- Installing: /home/racc_man/Monot/Monot_ROS2/install/monot_esp/share/monot_esp/local_setup.zsh
[5.273s] -- Installing: /home/racc_man/Monot/Monot_ROS2/install/monot_esp/share/monot_esp/local_setup.dsv
[5.273s] -- Installing: /home/racc_man/Monot/Monot_ROS2/install/monot_esp/share/monot_esp/package.dsv
[5.273s] -- Installing: /home/racc_man/Monot/Monot_ROS2/install/monot_esp/share/ament_index/resource_index/packages/monot_esp
[5.273s] -- Installing: /home/racc_man/Monot/Monot_ROS2/install/monot_esp/share/ament_index/resource_index/rclcpp_components/monot_esp
[5.273s] -- Installing: /home/racc_man/Monot/Monot_ROS2/install/monot_esp/share/monot_esp/cmake/ament_cmake_export_dependencies-extras.cmake
[5.274s] -- Installing: /home/racc_man/Monot/Monot_ROS2/install/monot_esp/share/monot_esp/cmake/ament_cmake_export_include_directories-extras.cmake
[5.274s] -- Installing: /home/racc_man/Monot/Monot_ROS2/install/monot_esp/share/monot_esp/cmake/ament_cmake_export_libraries-extras.cmake
[5.274s] -- Installing: /home/racc_man/Monot/Monot_ROS2/install/monot_esp/share/monot_esp/cmake/monot_espConfig.cmake
[5.274s] -- Installing: /home/racc_man/Monot/Monot_ROS2/install/monot_esp/share/monot_esp/cmake/monot_espConfig-version.cmake
[5.274s] -- Installing: /home/racc_man/Monot/Monot_ROS2/install/monot_esp/share/monot_esp/package.xml
[5.275s] Invoked command in '/home/racc_man/Monot/Monot_ROS2/build/monot_esp' returned '0': CMAKE_PREFIX_PATH=/home/racc_man/Monot/Monot_ROS2/install/monot_slam:/home/racc_man/Monot/Monot_ROS2/install/monot_esp:/home/racc_man/turtlebot3_ws/install/turtlebot3:/home/racc_man/turtlebot3_ws/install/turtlebot3_simulations:/home/racc_man/turtlebot3_ws/install/turtlebot3_bringup:/home/racc_man/turtlebot3_ws/install/turtlebot3_node:/home/racc_man/turtlebot3_ws/install/turtlebot3_navigation2:/home/racc_man/turtlebot3_ws/install/turtlebot3_fake_node:/home/racc_man/turtlebot3_ws/install/turtlebot3_msgs:/home/racc_man/turtlebot3_ws/install/turtlebot3_gazebo:/home/racc_man/turtlebot3_ws/install/turtlebot3_description:/home/racc_man/turtlebot3_ws/install/turtlebot3_cartographer:/home/racc_man/turtlebot3_ws/install/turtlebot3_teleop:/home/racc_man/turtlebot3_ws/install/turtlebot3_example:/opt/ros/humble:/home/racc_man/turtlebot3_ws/install/realsense_gazebo_plugin:/home/racc_man/turtlebot3_ws/install/realsense2_description:/home/racc_man/turtlebot3_ws/install/realsense2_camera:/home/racc_man/turtlebot3_ws/install/realsense2_camera_msgs:/home/racc_man/turtlebot3_ws/install/dynamixel_sdk_examples:/home/racc_man/turtlebot3_ws/install/dynamixel_sdk_custom_interfaces:/home/racc_man/turtlebot3_ws/install/dynamixel_sdk /usr/bin/cmake --install /home/racc_man/Monot/Monot_ROS2/build/monot_esp
